******************************************************************************
             TMS320C2000 Linker PC v22.6.2                     
******************************************************************************
>> Linked Fri Nov 21 16:25:01 2025

OUTPUT FILE NAME:   <CapstoneDesignEE2_DCmotorControl_20251120_v2.out>
ENTRY POINT SYMBOL: "_c_int00"  address: 00009063


MEMORY CONFIGURATION

         name            origin    length      used     unused   attr    fill
----------------------  --------  ---------  --------  --------  ----  --------
PAGE 0:
  BEGIN                 00000000   00000002  00000002  00000000  RWIX
  BOOT_RSVD             00000002   0000004e  00000000  0000004e  RWIX
  RAMM0                 00000050   000003b0  00000000  000003b0  RWIX
  RAML0123              00008000   00004000  000012f1  00002d0f  RWIX
  ZONE7A                00200000   0000fb00  00000000  0000fb00  RWIX
  CSM_RSVD              0033ff80   00000076  00000000  00000076  RWIX
  CSM_PWL               0033fff8   00000008  00000000  00000008  RWIX
  ADC_CAL               00380080   00000009  00000007  00000002  RWIX
  IQTABLES              003fe000   00000b50  00000000  00000b50  RWIX
  IQTABLES2             003feb50   0000008c  00000000  0000008c  RWIX
  FPUTABLES             003febdc   000006a0  00000000  000006a0  RWIX
  BOOTROM               003ff27c   00000d44  00000000  00000d44  RWIX
  RESET                 003fffc0   00000002  00000000  00000002  RWIX

PAGE 1:
  RAMM1                 00000400   00000400  00000000  00000400  RWIX
  DEV_EMU               00000880   00000180  000000d0  000000b0  RWIX
  FLASH_REGS            00000a80   00000060  00000008  00000058  RWIX
  CSM                   00000ae0   00000010  00000010  00000000  RWIX
  ADC_MIRROR            00000b00   00000010  00000010  00000000  RWIX
  XINTF                 00000b20   00000020  0000001e  00000002  RWIX
  CPU_TIMER0            00000c00   00000008  00000008  00000000  RWIX
  CPU_TIMER1            00000c08   00000008  00000008  00000000  RWIX
  CPU_TIMER2            00000c10   00000008  00000008  00000000  RWIX
  PIE_CTRL              00000ce0   00000020  0000001a  00000006  RWIX
  PIE_VECT              00000d00   00000100  00000100  00000000  RWIX
  DMA                   00001000   00000200  000000e0  00000120  RWIX
  MCBSPA                00005000   00000040  00000025  0000001b  RWIX
  MCBSPB                00005040   00000040  00000025  0000001b  RWIX
  ECANA                 00006000   00000040  00000034  0000000c  RWIX
  ECANA_LAM             00006040   00000040  00000040  00000000  RWIX
  ECANA_MOTS            00006080   00000040  00000040  00000000  RWIX
  ECANA_MOTO            000060c0   00000040  00000040  00000000  RWIX
  ECANA_MBOX            00006100   00000100  00000100  00000000  RWIX
  ECANB                 00006200   00000040  00000034  0000000c  RWIX
  ECANB_LAM             00006240   00000040  00000040  00000000  RWIX
  ECANB_MOTS            00006280   00000040  00000040  00000000  RWIX
  ECANB_MOTO            000062c0   00000040  00000040  00000000  RWIX
  ECANB_MBOX            00006300   00000100  00000100  00000000  RWIX
  EPWM1                 00006800   00000022  00000022  00000000  RWIX
  EPWM2                 00006840   00000022  00000022  00000000  RWIX
  EPWM3                 00006880   00000022  00000022  00000000  RWIX
  EPWM4                 000068c0   00000022  00000022  00000000  RWIX
  EPWM5                 00006900   00000022  00000022  00000000  RWIX
  EPWM6                 00006940   00000022  00000022  00000000  RWIX
  ECAP1                 00006a00   00000020  00000020  00000000  RWIX
  ECAP2                 00006a20   00000020  00000020  00000000  RWIX
  ECAP3                 00006a40   00000020  00000020  00000000  RWIX
  ECAP4                 00006a60   00000020  00000020  00000000  RWIX
  ECAP5                 00006a80   00000020  00000020  00000000  RWIX
  ECAP6                 00006aa0   00000020  00000020  00000000  RWIX
  EQEP1                 00006b00   00000040  00000040  00000000  RWIX
  EQEP2                 00006b40   00000040  00000040  00000000  RWIX
  GPIOCTRL              00006f80   00000040  0000002e  00000012  RWIX
  GPIODAT               00006fc0   00000020  00000020  00000000  RWIX
  GPIOINT               00006fe0   00000020  0000000a  00000016  RWIX
  SYSTEM                00007010   00000020  00000020  00000000  RWIX
  SPIA                  00007040   00000010  00000010  00000000  RWIX
  SCIA                  00007050   00000010  00000010  00000000  RWIX
  XINTRUPT              00007070   00000010  00000010  00000000  RWIX
  ADC                   00007100   00000020  0000001e  00000002  RWIX
  SCIB                  00007750   00000010  00000010  00000000  RWIX
  SCIC                  00007770   00000010  00000010  00000000  RWIX
  I2CA                  00007900   00000040  00000022  0000001e  RWIX
  RAML4                 0000c000   00001000  00000389  00000c77  RWIX
  RAML567               0000d000   00003000  00000242  00002dbe  RWIX
  ZONE7B                0020fc00   00000400  00000000  00000400  RWIX
  CSM_PWL               0033fff8   00000008  00000008  00000000  RWIX
  PARTID                00380090   00000001  00000001  00000000  RWIX


SECTION ALLOCATION MAP

 output                                  attributes/
section   page    origin      length       input sections
--------  ----  ----------  ----------   ----------------
codestart 
*          0    00000000    00000002     
                  00000000    00000002     DSP2833x_CodeStartBranch.obj (codestart)

.text      0    00008000    000012ed     
                  00008000    0000079d     Control_Source.obj (.text)
                  0000879d    00000316     DSP2833x_DefaultIsr.obj (.text:retain)
                  00008ab3    00000166     DAC.obj (.text)
                  00008c19    000000f7     DSP2833x_SysCtrl.obj (.text)
                  00008d10    000000f6     DSP2833x_Xintf.obj (.text)
                  00008e06    000000a5     Filters.obj (.text)
                  00008eab    0000009a     ePWM.obj (.text)
                  00008f45    00000096     eQEP.obj (.text)
                  00008fdb    00000088     rts2800_fpu32.lib : fs_div28.asm.obj (.text)
                  00009063    00000056                       : boot28.asm.obj (.text)
                  000090b9    00000054     ADC.obj (.text:retain)
                  0000910d    00000052     main.obj (.text)
                  0000915f    00000041     ePWM.obj (.text:retain)
                  000091a0    0000003a     GPIO.obj (.text)
                  000091da    00000031     ADC.obj (.text)
                  0000920b    00000029     rts2800_fpu32.lib : exit.c.obj (.text)
                  00009234    00000028     DSP2833x_PieCtrl.obj (.text)
                  0000925c    00000024     rts2800_fpu32.lib : cpy_tbl.c.obj (.text)
                  00009280    00000020     DSP2833x_PieVect.obj (.text)
                  000092a0    0000001d     rts2800_fpu32.lib : memcpy.c.obj (.text)
                  000092bd    00000012                       : args_main.c.obj (.text)
                  000092cf    00000009                       : _lock.c.obj (.text)
                  000092d8    00000008     DSP2833x_CodeStartBranch.obj (.text)
                  000092e0    00000007     DSP2833x_DisInt.obj (.text)
                  000092e7    00000003     DSP2833x_DBGIER.obj (.text)
                  000092ea    00000002     rts2800_fpu32.lib : pre_init.c.obj (.text)
                  000092ec    00000001                       : startup.c.obj (.text)

ramfuncs   0    000092ed    00000004     
                  000092ed    00000004     DSP2833x_usDelay.obj (ramfuncs)

DevEmuRegsFile 
*          1    00000880    000000d0     UNINITIALIZED
                  00000880    000000d0     DSP2833x_GlobalVariableDefs.obj (DevEmuRegsFile)

FlashRegsFile 
*          1    00000a80    00000008     UNINITIALIZED
                  00000a80    00000008     DSP2833x_GlobalVariableDefs.obj (FlashRegsFile)

CsmRegsFile 
*          1    00000ae0    00000010     UNINITIALIZED
                  00000ae0    00000010     DSP2833x_GlobalVariableDefs.obj (CsmRegsFile)

AdcMirrorFile 
*          1    00000b00    00000010     UNINITIALIZED
                  00000b00    00000010     DSP2833x_GlobalVariableDefs.obj (AdcMirrorFile)

XintfRegsFile 
*          1    00000b20    0000001e     UNINITIALIZED
                  00000b20    0000001e     DSP2833x_GlobalVariableDefs.obj (XintfRegsFile)

CpuTimer0RegsFile 
*          1    00000c00    00000008     UNINITIALIZED
                  00000c00    00000008     DSP2833x_GlobalVariableDefs.obj (CpuTimer0RegsFile)

CpuTimer1RegsFile 
*          1    00000c08    00000008     UNINITIALIZED
                  00000c08    00000008     DSP2833x_GlobalVariableDefs.obj (CpuTimer1RegsFile)

CpuTimer2RegsFile 
*          1    00000c10    00000008     UNINITIALIZED
                  00000c10    00000008     DSP2833x_GlobalVariableDefs.obj (CpuTimer2RegsFile)

PieCtrlRegsFile 
*          1    00000ce0    0000001a     UNINITIALIZED
                  00000ce0    0000001a     DSP2833x_GlobalVariableDefs.obj (PieCtrlRegsFile)

ECanaMOTSRegsFile 
*          1    00006080    00000040     UNINITIALIZED
                  00006080    00000040     DSP2833x_GlobalVariableDefs.obj (ECanaMOTSRegsFile)

ECanaMOTORegsFile 
*          1    000060c0    00000040     UNINITIALIZED
                  000060c0    00000040     DSP2833x_GlobalVariableDefs.obj (ECanaMOTORegsFile)

ECanbMOTSRegsFile 
*          1    00006280    00000040     UNINITIALIZED
                  00006280    00000040     DSP2833x_GlobalVariableDefs.obj (ECanbMOTSRegsFile)

ECanbMOTORegsFile 
*          1    000062c0    00000040     UNINITIALIZED
                  000062c0    00000040     DSP2833x_GlobalVariableDefs.obj (ECanbMOTORegsFile)

.cinit     1    0000c300    00000089     
                  0000c300    00000023     ADC.obj (.cinit:_ADC_Result)
                  0000c323    0000000e     rts2800_fpu32.lib : exit.c.obj (.cinit)
                  0000c331    0000000d     Control_Source.obj (.cinit)
                  0000c33e    0000000b     DAC.obj (.cinit:_DA_Offset)
                  0000c349    0000000b     DAC.obj (.cinit:_DA_Ratio)
                  0000c354    0000000b     DAC.obj (.cinit:_DA_Value)
                  0000c35f    00000009     ADC.obj (.cinit)
                  0000c368    00000009     eQEP.obj (.cinit)
                  0000c371    00000007     DAC.obj (.cinit:_DAC)
                  0000c378    00000005     DAC.obj (.cinit)
                  0000c37d    00000005     rts2800_fpu32.lib : _lock.c.obj (.cinit:__lock)
                  0000c382    00000005                       : _lock.c.obj (.cinit:__unlock)
                  0000c387    00000002     --HOLE-- [fill = 0]

.pinit     0    00008000    00000000     UNINITIALIZED

.stack     1    0000c000    00000300     UNINITIALIZED
                  0000c000    00000300     --HOLE--

.ebss      1    0000d000    00000142     UNINITIALIZED
                  0000d000    000000ae     Control_Source.obj (.ebss)
                  0000d0ae    00000008     DAC.obj (.ebss:_DA_Offset)
                  0000d0b6    00000008     DAC.obj (.ebss:_DA_Ratio)
                  0000d0be    00000002     rts2800_fpu32.lib : _lock.c.obj (.ebss:__lock)
                  0000d0c0    0000002a     Filters.obj (.ebss)
                  0000d0ea    00000008     DAC.obj (.ebss:_DA_Value)
                  0000d0f2    00000006     rts2800_fpu32.lib : exit.c.obj (.ebss)
                  0000d0f8    00000004     ADC.obj (.ebss)
                  0000d0fc    00000004     DAC.obj (.ebss)
                  0000d100    00000020     ADC.obj (.ebss:_ADC_Result)
                  0000d120    00000018     DSP2833x_CpuTimers.obj (.ebss)
                  0000d138    00000004     DAC.obj (.ebss:_DAC)
                  0000d13c    00000004     eQEP.obj (.ebss)
                  0000d140    00000002     rts2800_fpu32.lib : _lock.c.obj (.ebss:__unlock)

.econst    1    0000d142    00000100     
                  0000d142    00000100     DSP2833x_PieVect.obj (.econst:_PieVectTableInit)

.reset     0    003fffc0    00000002     DSECT
                  003fffc0    00000002     rts2800_fpu32.lib : boot28.asm.obj (.reset)

csm_rsvd   0    0033ff80    00000076     DSECT
                  0033ff80    00000076     DSP2833x_CSMPasswords.obj (csm_rsvd)

csmpasswds 
*          0    0033fff8    00000008     DSECT
                  0033fff8    00000008     DSP2833x_CSMPasswords.obj (csmpasswds)

.adc_cal   0    00380080    00000007     NOLOAD SECTION
                  00380080    00000007     DSP2833x_ADC_cal.obj (.adc_cal)

PieVectTableFile 
*          1    00000d00    00000100     UNINITIALIZED
                  00000d00    00000100     DSP2833x_GlobalVariableDefs.obj (PieVectTableFile)

DmaRegsFile 
*          1    00001000    000000e0     UNINITIALIZED
                  00001000    000000e0     DSP2833x_GlobalVariableDefs.obj (DmaRegsFile)

McbspaRegsFile 
*          1    00005000    00000025     UNINITIALIZED
                  00005000    00000025     DSP2833x_GlobalVariableDefs.obj (McbspaRegsFile)

McbspbRegsFile 
*          1    00005040    00000025     UNINITIALIZED
                  00005040    00000025     DSP2833x_GlobalVariableDefs.obj (McbspbRegsFile)

ECanaRegsFile 
*          1    00006000    00000034     UNINITIALIZED
                  00006000    00000034     DSP2833x_GlobalVariableDefs.obj (ECanaRegsFile)

ECanaLAMRegsFile 
*          1    00006040    00000040     UNINITIALIZED
                  00006040    00000040     DSP2833x_GlobalVariableDefs.obj (ECanaLAMRegsFile)

ECanaMboxesFile 
*          1    00006100    00000100     UNINITIALIZED
                  00006100    00000100     DSP2833x_GlobalVariableDefs.obj (ECanaMboxesFile)

ECanbRegsFile 
*          1    00006200    00000034     UNINITIALIZED
                  00006200    00000034     DSP2833x_GlobalVariableDefs.obj (ECanbRegsFile)

ECanbLAMRegsFile 
*          1    00006240    00000040     UNINITIALIZED
                  00006240    00000040     DSP2833x_GlobalVariableDefs.obj (ECanbLAMRegsFile)

ECanbMboxesFile 
*          1    00006300    00000100     UNINITIALIZED
                  00006300    00000100     DSP2833x_GlobalVariableDefs.obj (ECanbMboxesFile)

EPwm1RegsFile 
*          1    00006800    00000022     UNINITIALIZED
                  00006800    00000022     DSP2833x_GlobalVariableDefs.obj (EPwm1RegsFile)

EPwm2RegsFile 
*          1    00006840    00000022     UNINITIALIZED
                  00006840    00000022     DSP2833x_GlobalVariableDefs.obj (EPwm2RegsFile)

EPwm3RegsFile 
*          1    00006880    00000022     UNINITIALIZED
                  00006880    00000022     DSP2833x_GlobalVariableDefs.obj (EPwm3RegsFile)

EPwm4RegsFile 
*          1    000068c0    00000022     UNINITIALIZED
                  000068c0    00000022     DSP2833x_GlobalVariableDefs.obj (EPwm4RegsFile)

EPwm5RegsFile 
*          1    00006900    00000022     UNINITIALIZED
                  00006900    00000022     DSP2833x_GlobalVariableDefs.obj (EPwm5RegsFile)

EPwm6RegsFile 
*          1    00006940    00000022     UNINITIALIZED
                  00006940    00000022     DSP2833x_GlobalVariableDefs.obj (EPwm6RegsFile)

ECap1RegsFile 
*          1    00006a00    00000020     UNINITIALIZED
                  00006a00    00000020     DSP2833x_GlobalVariableDefs.obj (ECap1RegsFile)

ECap2RegsFile 
*          1    00006a20    00000020     UNINITIALIZED
                  00006a20    00000020     DSP2833x_GlobalVariableDefs.obj (ECap2RegsFile)

ECap3RegsFile 
*          1    00006a40    00000020     UNINITIALIZED
                  00006a40    00000020     DSP2833x_GlobalVariableDefs.obj (ECap3RegsFile)

ECap4RegsFile 
*          1    00006a60    00000020     UNINITIALIZED
                  00006a60    00000020     DSP2833x_GlobalVariableDefs.obj (ECap4RegsFile)

ECap5RegsFile 
*          1    00006a80    00000020     UNINITIALIZED
                  00006a80    00000020     DSP2833x_GlobalVariableDefs.obj (ECap5RegsFile)

ECap6RegsFile 
*          1    00006aa0    00000020     UNINITIALIZED
                  00006aa0    00000020     DSP2833x_GlobalVariableDefs.obj (ECap6RegsFile)

EQep1RegsFile 
*          1    00006b00    00000040     UNINITIALIZED
                  00006b00    00000040     DSP2833x_GlobalVariableDefs.obj (EQep1RegsFile)

EQep2RegsFile 
*          1    00006b40    00000040     UNINITIALIZED
                  00006b40    00000040     DSP2833x_GlobalVariableDefs.obj (EQep2RegsFile)

GpioCtrlRegsFile 
*          1    00006f80    0000002e     UNINITIALIZED
                  00006f80    0000002e     DSP2833x_GlobalVariableDefs.obj (GpioCtrlRegsFile)

GpioDataRegsFile 
*          1    00006fc0    00000020     UNINITIALIZED
                  00006fc0    00000020     DSP2833x_GlobalVariableDefs.obj (GpioDataRegsFile)

GpioIntRegsFile 
*          1    00006fe0    0000000a     UNINITIALIZED
                  00006fe0    0000000a     DSP2833x_GlobalVariableDefs.obj (GpioIntRegsFile)

SysCtrlRegsFile 
*          1    00007010    00000020     UNINITIALIZED
                  00007010    00000020     DSP2833x_GlobalVariableDefs.obj (SysCtrlRegsFile)

SpiaRegsFile 
*          1    00007040    00000010     UNINITIALIZED
                  00007040    00000010     DSP2833x_GlobalVariableDefs.obj (SpiaRegsFile)

SciaRegsFile 
*          1    00007050    00000010     UNINITIALIZED
                  00007050    00000010     DSP2833x_GlobalVariableDefs.obj (SciaRegsFile)

XIntruptRegsFile 
*          1    00007070    00000010     UNINITIALIZED
                  00007070    00000010     DSP2833x_GlobalVariableDefs.obj (XIntruptRegsFile)

AdcRegsFile 
*          1    00007100    0000001e     UNINITIALIZED
                  00007100    0000001e     DSP2833x_GlobalVariableDefs.obj (AdcRegsFile)

ScibRegsFile 
*          1    00007750    00000010     UNINITIALIZED
                  00007750    00000010     DSP2833x_GlobalVariableDefs.obj (ScibRegsFile)

ScicRegsFile 
*          1    00007770    00000010     UNINITIALIZED
                  00007770    00000010     DSP2833x_GlobalVariableDefs.obj (ScicRegsFile)

I2caRegsFile 
*          1    00007900    00000022     UNINITIALIZED
                  00007900    00000022     DSP2833x_GlobalVariableDefs.obj (I2caRegsFile)

CsmPwlFile 
*          1    0033fff8    00000008     UNINITIALIZED
                  0033fff8    00000008     DSP2833x_GlobalVariableDefs.obj (CsmPwlFile)

PartIdRegsFile 
*          1    00380090    00000001     UNINITIALIZED
                  00380090    00000001     DSP2833x_GlobalVariableDefs.obj (PartIdRegsFile)

MODULE SUMMARY

       Module                            code   initialized data   uninitialized data
       ------                            ----   ----------------   ------------------
    .\
       main.obj                          82     0                  0                 
    +--+---------------------------------+------+------------------+--------------------+
       Total:                            82     0                  0                 
                                                                                     
    .\TI_source\
       DSP2833x_GlobalVariableDefs.obj   0      0                  2679              
       DSP2833x_DefaultIsr.obj           790    0                  0                 
       DSP2833x_PieVect.obj              32     256                0                 
       DSP2833x_SysCtrl.obj              247    0                  0                 
       DSP2833x_Xintf.obj                246    0                  0                 
       DSP2833x_PieCtrl.obj              40     0                  0                 
       DSP2833x_CpuTimers.obj            0      0                  24                
       DSP2833x_CodeStartBranch.obj      10     0                  0                 
       DSP2833x_ADC_cal.obj              7      0                  0                 
       DSP2833x_DisInt.obj               7      0                  0                 
       DSP2833x_usDelay.obj              4      0                  0                 
       DSP2833x_DBGIER.obj               3      0                  0                 
    +--+---------------------------------+------+------------------+--------------------+
       Total:                            1386   256                2703              
                                                                                     
    .\source\
       Control_Source.obj                1949   13                 174               
       DAC.obj                           358    45                 32                
       ePWM.obj                          219    0                  0                 
       ADC.obj                           133    44                 36                
       Filters.obj                       165    0                  42                
       eQEP.obj                          150    9                  4                 
       GPIO.obj                          58     0                  0                 
    +--+---------------------------------+------+------------------+--------------------+
       Total:                            3032   111                288               
                                                                                     
    C:\ti\ccs1240\ccs\tools\compiler\lib\rts2800_fpu32.lib
       fs_div28.asm.obj                  136    0                  0                 
       boot28.asm.obj                    86     0                  0                 
       exit.c.obj                        41     14                 6                 
       cpy_tbl.c.obj                     36     0                  0                 
       memcpy.c.obj                      29     0                  0                 
       _lock.c.obj                       9      10                 4                 
       args_main.c.obj                   18     0                  0                 
       pre_init.c.obj                    2      0                  0                 
       startup.c.obj                     1      0                  0                 
    +--+---------------------------------+------+------------------+--------------------+
       Total:                            358    24                 10                
                                                                                     
       Stack:                            0      0                  768               
    +--+---------------------------------+------+------------------+--------------------+
       Grand Total:                      4858   391                3769              


GLOBAL DATA SYMBOLS: SORTED BY DATA PAGE

address     data page           name
--------    ----------------    ----
00000880      22 (00000880)     _DevEmuRegs

00000a80      2a (00000a80)     _FlashRegs

00000ae0      2b (00000ac0)     _CsmRegs

00000b00      2c (00000b00)     _AdcMirror
00000b20      2c (00000b00)     _XintfRegs

00000c00      30 (00000c00)     _CpuTimer0Regs
00000c08      30 (00000c00)     _CpuTimer1Regs
00000c10      30 (00000c00)     _CpuTimer2Regs

00000ce0      33 (00000cc0)     _PieCtrlRegs

00000d00      34 (00000d00)     _PieVectTable

00001000      40 (00001000)     _DmaRegs

00005000     140 (00005000)     _McbspaRegs

00005040     141 (00005040)     _McbspbRegs

00006000     180 (00006000)     _ECanaRegs

00006040     181 (00006040)     _ECanaLAMRegs

00006080     182 (00006080)     _ECanaMOTSRegs

000060c0     183 (000060c0)     _ECanaMOTORegs

00006100     184 (00006100)     _ECanaMboxes

00006200     188 (00006200)     _ECanbRegs

00006240     189 (00006240)     _ECanbLAMRegs

00006280     18a (00006280)     _ECanbMOTSRegs

000062c0     18b (000062c0)     _ECanbMOTORegs

00006300     18c (00006300)     _ECanbMboxes

00006800     1a0 (00006800)     _EPwm1Regs

00006840     1a1 (00006840)     _EPwm2Regs

00006880     1a2 (00006880)     _EPwm3Regs

000068c0     1a3 (000068c0)     _EPwm4Regs

00006900     1a4 (00006900)     _EPwm5Regs

00006940     1a5 (00006940)     _EPwm6Regs

00006a00     1a8 (00006a00)     _ECap1Regs
00006a20     1a8 (00006a00)     _ECap2Regs

00006a40     1a9 (00006a40)     _ECap3Regs
00006a60     1a9 (00006a40)     _ECap4Regs

00006a80     1aa (00006a80)     _ECap5Regs
00006aa0     1aa (00006a80)     _ECap6Regs

00006b00     1ac (00006b00)     _EQep1Regs

00006b40     1ad (00006b40)     _EQep2Regs

00006f80     1be (00006f80)     _GpioCtrlRegs

00006fc0     1bf (00006fc0)     _GpioDataRegs
00006fe0     1bf (00006fc0)     _GpioIntRegs

00007010     1c0 (00007000)     _SysCtrlRegs

00007040     1c1 (00007040)     _SpiaRegs
00007050     1c1 (00007040)     _SciaRegs
00007070     1c1 (00007040)     _XIntruptRegs

00007100     1c4 (00007100)     _AdcRegs

00007750     1dd (00007740)     _ScibRegs
00007770     1dd (00007740)     _ScicRegs

00007900     1e4 (00007900)     _I2caRegs

0000c000     300 (0000c000)     __stack

0000d000     340 (0000d000)     _Flag_Reset
0000d001     340 (0000d000)     _Flag_Start
0000d002     340 (0000d000)     _t_DSP
0000d004     340 (0000d000)     _SpdObs1

0000d040     341 (0000d040)     _DCmotor1

0000d0ae     342 (0000d080)     _DA_Offset
0000d0b6     342 (0000d080)     _DA_Ratio
0000d0be     342 (0000d080)     __lock

0000d0c0     343 (0000d0c0)     _Wrm_LPF
0000d0ce     343 (0000d0c0)     _Wrm_HALL_LPF
0000d0dc     343 (0000d0c0)     _Vs_LPF
0000d0ea     343 (0000d0c0)     _DA_Value
0000d0f2     343 (0000d0c0)     ___TI_enable_exit_profile_output
0000d0f4     343 (0000d0c0)     ___TI_cleanup_ptr
0000d0f6     343 (0000d0c0)     ___TI_dtors_ptr
0000d0f8     343 (0000d0c0)     _ADC_Offset_Cnt
0000d0fa     343 (0000d0c0)     _INV_Offset_Range
0000d0fc     343 (0000d0c0)     _cnt_delay
0000d0fe     343 (0000d0c0)     _DA_Delay

0000d100     344 (0000d100)     _ADC_Result
0000d120     344 (0000d100)     _CpuTimer0
0000d128     344 (0000d100)     _CpuTimer1
0000d130     344 (0000d100)     _CpuTimer2
0000d138     344 (0000d100)     _DAC
0000d13c     344 (0000d100)     _EncCnt
0000d13e     344 (0000d100)     _Theta_ENC

0000d140     345 (0000d140)     __unlock
0000d142     345 (0000d140)     _PieVectTableInit

0033fff8    cfff (0033ffc0)     _CsmPwl

00380090    e002 (00380080)     _PartIdRegs


GLOBAL SYMBOLS: SORTED ALPHABETICALLY BY Name 

page  address   name                            
----  -------   ----                            
0     00008000  .text                           
0     0000920b  C$$EXIT                         
0     00008fdb  FS$$DIV                         
0     00008883  _ADCINT_ISR                     
0     000090b9  _ADC_INT                        
1     0000d0f8  _ADC_Offset_Cnt                 
0     00009100  _ADC_Offset_INT                 
1     0000d100  _ADC_Result                     
0     00380080  _ADC_cal                        
1     00000b00  _AdcMirror                      
1     00007100  _AdcRegs                        
0     0000920a  _Calculate_ADC                  
0     00008000  _Control_Source                 
1     0000d120  _CpuTimer0                      
1     00000c00  _CpuTimer0Regs                  
1     0000d128  _CpuTimer1                      
1     00000c08  _CpuTimer1Regs                  
1     0000d130  _CpuTimer2                      
1     00000c10  _CpuTimer2Regs                  
1     0033fff8  _CsmPwl                         
1     00000ae0  _CsmRegs                        
0     00008cdf  _CsmUnlock                      
1     0000d138  _DAC                            
0     000087b1  _DATALOG_ISR                    
1     0000d0fe  _DA_Delay                       
1     0000d0ae  _DA_Offset                      
1     0000d0b6  _DA_Ratio                       
1     0000d0ea  _DA_Value                       
1     0000d040  _DCmotor1                       
0     000089a5  _DINTCH1_ISR                    
0     000089af  _DINTCH2_ISR                    
0     000089b9  _DINTCH3_ISR                    
0     000089c3  _DINTCH4_ISR                    
0     000089cd  _DINTCH5_ISR                    
0     000089d7  _DINTCH6_ISR                    
0     000092e0  _DSP28x_DisableInt              
0     000092e4  _DSP28x_RestoreInt              
0     000092ed  _DSP28x_usDelay                 
1     00000880  _DevEmuRegs                     
0     00008c2c  _DisableDog                     
1     00001000  _DmaRegs                        
0     00008a31  _ECAN0INTA_ISR                  
0     00008a45  _ECAN0INTB_ISR                  
0     00008a3b  _ECAN1INTA_ISR                  
0     00008a4f  _ECAN1INTB_ISR                  
0     00008919  _ECAP1_INT_ISR                  
0     00008923  _ECAP2_INT_ISR                  
0     0000892d  _ECAP3_INT_ISR                  
0     00008937  _ECAP4_INT_ISR                  
0     00008941  _ECAP5_INT_ISR                  
0     0000894b  _ECAP6_INT_ISR                  
1     00006040  _ECanaLAMRegs                   
1     000060c0  _ECanaMOTORegs                  
1     00006080  _ECanaMOTSRegs                  
1     00006100  _ECanaMboxes                    
1     00006000  _ECanaRegs                      
1     00006240  _ECanbLAMRegs                   
1     000062c0  _ECanbMOTORegs                  
1     00006280  _ECanbMOTSRegs                  
1     00006300  _ECanbMboxes                    
1     00006200  _ECanbRegs                      
1     00006a00  _ECap1Regs                      
1     00006a20  _ECap2Regs                      
1     00006a40  _ECap3Regs                      
1     00006a60  _ECap4Regs                      
1     00006a80  _ECap5Regs                      
1     00006aa0  _ECap6Regs                      
0     000087c5  _EMUINT_ISR                     
0     000088dd  _EPWM1_INT_ISR                  
0     000088a1  _EPWM1_TZINT_ISR                
0     000088e7  _EPWM2_INT_ISR                  
0     000088ab  _EPWM2_TZINT_ISR                
0     000088f1  _EPWM3_INT_ISR                  
0     000088b5  _EPWM3_TZINT_ISR                
0     000088fb  _EPWM4_INT_ISR                  
0     000088bf  _EPWM4_TZINT_ISR                
0     00008905  _EPWM5_INT_ISR                  
0     000088c9  _EPWM5_TZINT_ISR                
0     0000890f  _EPWM6_INT_ISR                  
0     000088d3  _EPWM6_TZINT_ISR                
1     00006800  _EPwm1Regs                      
1     00006840  _EPwm2Regs                      
1     00006880  _EPwm3Regs                      
1     000068c0  _EPwm4Regs                      
1     00006900  _EPwm5Regs                      
1     00006940  _EPwm6Regs                      
0     00008955  _EQEP1_INT_ISR                  
0     0000895f  _EQEP2_INT_ISR                  
1     00006b00  _EQep1Regs                      
1     00006b40  _EQep2Regs                      
0     00009253  _EnableInterrupts               
1     0000d13c  _EncCnt                         
0     00008f80  _Encoder                        
1     0000d000  _Flag_Reset                     
1     0000d001  _Flag_Start                     
1     00000a80  _FlashRegs                      
1     00006f80  _GpioCtrlRegs                   
1     00006fc0  _GpioDataRegs                   
1     00006fe0  _GpioIntRegs                    
0     000089e1  _I2CINT1A_ISR                   
0     000089eb  _I2CINT2A_ISR                   
1     00007900  _I2caRegs                       
0     000087d9  _ILLEGAL_ISR                    
0     0000879d  _INT13_ISR                      
0     000087a7  _INT14_ISR                      
1     0000d0fa  _INV_Offset_Range               
0     00008c84  _InitPeripheralClocks           
0     00009234  _InitPieCtrl                    
0     00009280  _InitPieVectTable               
0     00008c34  _InitPll                        
0     00008c19  _InitSysCtrl                    
0     00008d10  _InitXintf                      
0     00008dac  _InitXintf16Gpio                
0     00008d65  _InitXintf32Gpio                
0     000091da  _Init_ADC                       
0     0000833d  _Init_Cont_SynM                 
0     00008acb  _Init_DAC                       
0     00008e06  _Init_Filt_1st_BackwardEuler    
0     000091a0  _Init_GPIO                      
0     000081da  _Init_Para_SynM                 
0     000085a1  _Init_Speed_Observer            
0     00008eab  _Init_ePWM                      
0     00008f45  _Init_eQEP                      
0     00008a95  _LUF_ISR                        
0     00008a8b  _LVF_ISR                        
0     00008991  _MRINTA_ISR                     
0     0000897d  _MRINTB_ISR                     
0     0000899b  _MXINTA_ISR                     
0     00008987  _MXINTB_ISR                     
1     00005000  _McbspaRegs                     
1     00005040  _McbspbRegs                     
0     000087cf  _NMI_ISR                        
0     00008a9f  _PIE_RESERVED                   
0     000084f3  _PI_Current_Control_SynM        
0     000083d8  _PI_Speed_Control_SynM          
1     00380090  _PartIdRegs                     
1     00000ce0  _PieCtrlRegs                    
1     00000d00  _PieVectTable                   
1     0000d142  _PieVectTableInit               
0     000087bb  _RTOSINT_ISR                    
0     00008a09  _SCIRXINTA_ISR                  
0     00008a1d  _SCIRXINTB_ISR                  
0     000089f5  _SCIRXINTC_ISR                  
0     00008a13  _SCITXINTA_ISR                  
0     00008a27  _SCITXINTB_ISR                  
0     000089ff  _SCITXINTC_ISR                  
0     0000885b  _SEQ1INT_ISR                    
0     00008865  _SEQ2INT_ISR                    
0     00008969  _SPIRXINTA_ISR                  
0     00008973  _SPITXINTA_ISR                  
1     00007050  _SciaRegs                       
1     00007750  _ScibRegs                       
1     00007770  _ScicRegs                       
0     00008c22  _ServiceDog                     
0     000092e7  _SetDBGIER                      
1     0000d004  _SpdObs1                        
1     00007040  _SpiaRegs                       
1     00007010  _SysCtrlRegs                    
0     0000888d  _TINT0_ISR                      
1     0000d13e  _Theta_ENC                      
0     0000883d  _USER10_ISR                     
0     00008847  _USER11_ISR                     
0     00008851  _USER12_ISR                     
0     000087e3  _USER1_ISR                      
0     000087ed  _USER2_ISR                      
0     000087f7  _USER3_ISR                      
0     00008801  _USER4_ISR                      
0     0000880b  _USER5_ISR                      
0     00008815  _USER6_ISR                      
0     0000881f  _USER7_ISR                      
0     00008829  _USER8_ISR                      
0     00008833  _USER9_ISR                      
0     00008e43  _Upd_Filt_1st_BackwardEuler     
0     0000860b  _Upd_Speed_Observer             
0     00008b50  _Update_DAC                     
1     0000d0dc  _Vs_LPF                         
0     00008897  _WAKEINT_ISR                    
1     0000d0ce  _Wrm_HALL_LPF                   
1     0000d0c0  _Wrm_LPF                        
0     0000886f  _XINT1_ISR                      
0     00008879  _XINT2_ISR                      
0     00008a59  _XINT3_ISR                      
0     00008a63  _XINT4_ISR                      
0     00008a6d  _XINT5_ISR                      
0     00008a77  _XINT6_ISR                      
0     00008a81  _XINT7_ISR                      
1     00007070  _XIntruptRegs                   
1     00000b20  _XintfRegs                      
1     0000c300  __STACK_END                     
abs   00000300  __STACK_SIZE                    
1     0000d0f4  ___TI_cleanup_ptr               
1     0000d0f6  ___TI_dtors_ptr                 
1     0000d0f2  ___TI_enable_exit_profile_output
abs   ffffffff  ___TI_pprof_out_hndl            
abs   ffffffff  ___TI_prof_data_size            
abs   ffffffff  ___TI_prof_data_start           
abs   ffffffff  ___binit__                      
abs   ffffffff  ___c_args__                     
1     0000c300  ___cinit__                      
0     000092ed  ___etext__                      
abs   ffffffff  ___pinit__                      
0     00008000  ___text__                       
0     000092bd  __args_main                     
1     0000d0be  __lock                          
0     000092d7  __nop                           
0     000092d3  __register_lock                 
0     000092cf  __register_unlock               
1     0000c000  __stack                         
0     000092ec  __system_post_cinit             
0     000092ea  __system_pre_init               
1     0000d140  __unlock                        
0     0000920b  _abort                          
0     00009063  _c_int00                        
1     0000d0fc  _cnt_delay                      
0     0000925c  _copy_in                        
0     00008ab3  _delaycc                        
0     0000915f  _ePWM_INT                       
0     0000920d  _exit                           
0     0000910d  _main                           
0     000092a0  _memcpy                         
0     00008aa9  _rsvd_ISR                       
0     00008c01  _spi_xmit                       
1     0000d002  _t_DSP                          
abs   ffffffff  binit                           
1     0000c300  cinit                           
0     00000000  code_start                      
0     000092ed  etext                           
abs   ffffffff  pinit                           


GLOBAL SYMBOLS: SORTED BY Symbol Address 

page  address   name                            
----  -------   ----                            
0     00000000  code_start                      
0     00008000  .text                           
0     00008000  _Control_Source                 
0     00008000  ___text__                       
0     000081da  _Init_Para_SynM                 
0     0000833d  _Init_Cont_SynM                 
0     000083d8  _PI_Speed_Control_SynM          
0     000084f3  _PI_Current_Control_SynM        
0     000085a1  _Init_Speed_Observer            
0     0000860b  _Upd_Speed_Observer             
0     0000879d  _INT13_ISR                      
0     000087a7  _INT14_ISR                      
0     000087b1  _DATALOG_ISR                    
0     000087bb  _RTOSINT_ISR                    
0     000087c5  _EMUINT_ISR                     
0     000087cf  _NMI_ISR                        
0     000087d9  _ILLEGAL_ISR                    
0     000087e3  _USER1_ISR                      
0     000087ed  _USER2_ISR                      
0     000087f7  _USER3_ISR                      
0     00008801  _USER4_ISR                      
0     0000880b  _USER5_ISR                      
0     00008815  _USER6_ISR                      
0     0000881f  _USER7_ISR                      
0     00008829  _USER8_ISR                      
0     00008833  _USER9_ISR                      
0     0000883d  _USER10_ISR                     
0     00008847  _USER11_ISR                     
0     00008851  _USER12_ISR                     
0     0000885b  _SEQ1INT_ISR                    
0     00008865  _SEQ2INT_ISR                    
0     0000886f  _XINT1_ISR                      
0     00008879  _XINT2_ISR                      
0     00008883  _ADCINT_ISR                     
0     0000888d  _TINT0_ISR                      
0     00008897  _WAKEINT_ISR                    
0     000088a1  _EPWM1_TZINT_ISR                
0     000088ab  _EPWM2_TZINT_ISR                
0     000088b5  _EPWM3_TZINT_ISR                
0     000088bf  _EPWM4_TZINT_ISR                
0     000088c9  _EPWM5_TZINT_ISR                
0     000088d3  _EPWM6_TZINT_ISR                
0     000088dd  _EPWM1_INT_ISR                  
0     000088e7  _EPWM2_INT_ISR                  
0     000088f1  _EPWM3_INT_ISR                  
0     000088fb  _EPWM4_INT_ISR                  
0     00008905  _EPWM5_INT_ISR                  
0     0000890f  _EPWM6_INT_ISR                  
0     00008919  _ECAP1_INT_ISR                  
0     00008923  _ECAP2_INT_ISR                  
0     0000892d  _ECAP3_INT_ISR                  
0     00008937  _ECAP4_INT_ISR                  
0     00008941  _ECAP5_INT_ISR                  
0     0000894b  _ECAP6_INT_ISR                  
0     00008955  _EQEP1_INT_ISR                  
0     0000895f  _EQEP2_INT_ISR                  
0     00008969  _SPIRXINTA_ISR                  
0     00008973  _SPITXINTA_ISR                  
0     0000897d  _MRINTB_ISR                     
0     00008987  _MXINTB_ISR                     
0     00008991  _MRINTA_ISR                     
0     0000899b  _MXINTA_ISR                     
0     000089a5  _DINTCH1_ISR                    
0     000089af  _DINTCH2_ISR                    
0     000089b9  _DINTCH3_ISR                    
0     000089c3  _DINTCH4_ISR                    
0     000089cd  _DINTCH5_ISR                    
0     000089d7  _DINTCH6_ISR                    
0     000089e1  _I2CINT1A_ISR                   
0     000089eb  _I2CINT2A_ISR                   
0     000089f5  _SCIRXINTC_ISR                  
0     000089ff  _SCITXINTC_ISR                  
0     00008a09  _SCIRXINTA_ISR                  
0     00008a13  _SCITXINTA_ISR                  
0     00008a1d  _SCIRXINTB_ISR                  
0     00008a27  _SCITXINTB_ISR                  
0     00008a31  _ECAN0INTA_ISR                  
0     00008a3b  _ECAN1INTA_ISR                  
0     00008a45  _ECAN0INTB_ISR                  
0     00008a4f  _ECAN1INTB_ISR                  
0     00008a59  _XINT3_ISR                      
0     00008a63  _XINT4_ISR                      
0     00008a6d  _XINT5_ISR                      
0     00008a77  _XINT6_ISR                      
0     00008a81  _XINT7_ISR                      
0     00008a8b  _LVF_ISR                        
0     00008a95  _LUF_ISR                        
0     00008a9f  _PIE_RESERVED                   
0     00008aa9  _rsvd_ISR                       
0     00008ab3  _delaycc                        
0     00008acb  _Init_DAC                       
0     00008b50  _Update_DAC                     
0     00008c01  _spi_xmit                       
0     00008c19  _InitSysCtrl                    
0     00008c22  _ServiceDog                     
0     00008c2c  _DisableDog                     
0     00008c34  _InitPll                        
0     00008c84  _InitPeripheralClocks           
0     00008cdf  _CsmUnlock                      
0     00008d10  _InitXintf                      
0     00008d65  _InitXintf32Gpio                
0     00008dac  _InitXintf16Gpio                
0     00008e06  _Init_Filt_1st_BackwardEuler    
0     00008e43  _Upd_Filt_1st_BackwardEuler     
0     00008eab  _Init_ePWM                      
0     00008f45  _Init_eQEP                      
0     00008f80  _Encoder                        
0     00008fdb  FS$$DIV                         
0     00009063  _c_int00                        
0     000090b9  _ADC_INT                        
0     00009100  _ADC_Offset_INT                 
0     0000910d  _main                           
0     0000915f  _ePWM_INT                       
0     000091a0  _Init_GPIO                      
0     000091da  _Init_ADC                       
0     0000920a  _Calculate_ADC                  
0     0000920b  C$$EXIT                         
0     0000920b  _abort                          
0     0000920d  _exit                           
0     00009234  _InitPieCtrl                    
0     00009253  _EnableInterrupts               
0     0000925c  _copy_in                        
0     00009280  _InitPieVectTable               
0     000092a0  _memcpy                         
0     000092bd  __args_main                     
0     000092cf  __register_unlock               
0     000092d3  __register_lock                 
0     000092d7  __nop                           
0     000092e0  _DSP28x_DisableInt              
0     000092e4  _DSP28x_RestoreInt              
0     000092e7  _SetDBGIER                      
0     000092ea  __system_pre_init               
0     000092ec  __system_post_cinit             
0     000092ed  _DSP28x_usDelay                 
0     000092ed  ___etext__                      
0     000092ed  etext                           
0     00380080  _ADC_cal                        
1     00000880  _DevEmuRegs                     
1     00000a80  _FlashRegs                      
1     00000ae0  _CsmRegs                        
1     00000b00  _AdcMirror                      
1     00000b20  _XintfRegs                      
1     00000c00  _CpuTimer0Regs                  
1     00000c08  _CpuTimer1Regs                  
1     00000c10  _CpuTimer2Regs                  
1     00000ce0  _PieCtrlRegs                    
1     00000d00  _PieVectTable                   
1     00001000  _DmaRegs                        
1     00005000  _McbspaRegs                     
1     00005040  _McbspbRegs                     
1     00006000  _ECanaRegs                      
1     00006040  _ECanaLAMRegs                   
1     00006080  _ECanaMOTSRegs                  
1     000060c0  _ECanaMOTORegs                  
1     00006100  _ECanaMboxes                    
1     00006200  _ECanbRegs                      
1     00006240  _ECanbLAMRegs                   
1     00006280  _ECanbMOTSRegs                  
1     000062c0  _ECanbMOTORegs                  
1     00006300  _ECanbMboxes                    
1     00006800  _EPwm1Regs                      
1     00006840  _EPwm2Regs                      
1     00006880  _EPwm3Regs                      
1     000068c0  _EPwm4Regs                      
1     00006900  _EPwm5Regs                      
1     00006940  _EPwm6Regs                      
1     00006a00  _ECap1Regs                      
1     00006a20  _ECap2Regs                      
1     00006a40  _ECap3Regs                      
1     00006a60  _ECap4Regs                      
1     00006a80  _ECap5Regs                      
1     00006aa0  _ECap6Regs                      
1     00006b00  _EQep1Regs                      
1     00006b40  _EQep2Regs                      
1     00006f80  _GpioCtrlRegs                   
1     00006fc0  _GpioDataRegs                   
1     00006fe0  _GpioIntRegs                    
1     00007010  _SysCtrlRegs                    
1     00007040  _SpiaRegs                       
1     00007050  _SciaRegs                       
1     00007070  _XIntruptRegs                   
1     00007100  _AdcRegs                        
1     00007750  _ScibRegs                       
1     00007770  _ScicRegs                       
1     00007900  _I2caRegs                       
1     0000c000  __stack                         
1     0000c300  __STACK_END                     
1     0000c300  ___cinit__                      
1     0000c300  cinit                           
1     0000d000  _Flag_Reset                     
1     0000d001  _Flag_Start                     
1     0000d002  _t_DSP                          
1     0000d004  _SpdObs1                        
1     0000d040  _DCmotor1                       
1     0000d0ae  _DA_Offset                      
1     0000d0b6  _DA_Ratio                       
1     0000d0be  __lock                          
1     0000d0c0  _Wrm_LPF                        
1     0000d0ce  _Wrm_HALL_LPF                   
1     0000d0dc  _Vs_LPF                         
1     0000d0ea  _DA_Value                       
1     0000d0f2  ___TI_enable_exit_profile_output
1     0000d0f4  ___TI_cleanup_ptr               
1     0000d0f6  ___TI_dtors_ptr                 
1     0000d0f8  _ADC_Offset_Cnt                 
1     0000d0fa  _INV_Offset_Range               
1     0000d0fc  _cnt_delay                      
1     0000d0fe  _DA_Delay                       
1     0000d100  _ADC_Result                     
1     0000d120  _CpuTimer0                      
1     0000d128  _CpuTimer1                      
1     0000d130  _CpuTimer2                      
1     0000d138  _DAC                            
1     0000d13c  _EncCnt                         
1     0000d13e  _Theta_ENC                      
1     0000d140  __unlock                        
1     0000d142  _PieVectTableInit               
1     0033fff8  _CsmPwl                         
1     00380090  _PartIdRegs                     
abs   00000300  __STACK_SIZE                    
abs   ffffffff  ___TI_pprof_out_hndl            
abs   ffffffff  ___TI_prof_data_size            
abs   ffffffff  ___TI_prof_data_start           
abs   ffffffff  ___binit__                      
abs   ffffffff  ___c_args__                     
abs   ffffffff  ___pinit__                      
abs   ffffffff  binit                           
abs   ffffffff  pinit                           

[228 symbols]
