******************************************************************************
             TMS320C2000 Linker PC v22.6.0                     
******************************************************************************
>> Linked Mon May 20 01:38:32 2024

OUTPUT FILE NAME:   <SPMSM_Mabuk_Typhoon.out>
ENTRY POINT SYMBOL: "_c_int00"  address: 0000a893


MEMORY CONFIGURATION

         name            origin    length      used     unused   attr    fill
----------------------  --------  ---------  --------  --------  ----  --------
PAGE 0:
  BEGIN                 00000000   00000002  00000002  00000000  RWIX
  BOOT_RSVD             00000002   0000004e  00000000  0000004e  RWIX
  RAMM0                 00000050   000003b0  00000000  000003b0  RWIX
  RAML0123              00008000   00004000  00002a89  00001577  RWIX
  ZONE7A                00200000   0000fb00  00000000  0000fb00  RWIX
  CSM_RSVD              0033ff80   00000076  00000000  00000076  RWIX
  CSM_PWL               0033fff8   00000008  00000000  00000008  RWIX
  ADC_CAL               00380080   00000009  00000007  00000002  RWIX
  IQTABLES              003fe000   00000b50  00000000  00000b50  RWIX
  IQTABLES2             003feb50   0000008c  00000000  0000008c  RWIX
  FPUTABLES             003febdc   000006a0  00000000  000006a0  RWIX
  BOOTROM               003ff27c   00000d44  00000000  00000d44  RWIX
  RESET                 003fffc0   00000002  00000000  00000002  RWIX

PAGE 1:
  RAMM1                 00000400   00000400  00000000  00000400  RWIX
  DEV_EMU               00000880   00000180  000000d0  000000b0  RWIX
  FLASH_REGS            00000a80   00000060  00000008  00000058  RWIX
  CSM                   00000ae0   00000010  00000010  00000000  RWIX
  ADC_MIRROR            00000b00   00000010  00000010  00000000  RWIX
  XINTF                 00000b20   00000020  0000001e  00000002  RWIX
  CPU_TIMER0            00000c00   00000008  00000008  00000000  RWIX
  CPU_TIMER1            00000c08   00000008  00000008  00000000  RWIX
  CPU_TIMER2            00000c10   00000008  00000008  00000000  RWIX
  PIE_CTRL              00000ce0   00000020  0000001a  00000006  RWIX
  PIE_VECT              00000d00   00000100  00000100  00000000  RWIX
  DMA                   00001000   00000200  000000e0  00000120  RWIX
  MCBSPA                00005000   00000040  00000025  0000001b  RWIX
  MCBSPB                00005040   00000040  00000025  0000001b  RWIX
  ECANA                 00006000   00000040  00000034  0000000c  RWIX
  ECANA_LAM             00006040   00000040  00000040  00000000  RWIX
  ECANA_MOTS            00006080   00000040  00000040  00000000  RWIX
  ECANA_MOTO            000060c0   00000040  00000040  00000000  RWIX
  ECANA_MBOX            00006100   00000100  00000100  00000000  RWIX
  ECANB                 00006200   00000040  00000034  0000000c  RWIX
  ECANB_LAM             00006240   00000040  00000040  00000000  RWIX
  ECANB_MOTS            00006280   00000040  00000040  00000000  RWIX
  ECANB_MOTO            000062c0   00000040  00000040  00000000  RWIX
  ECANB_MBOX            00006300   00000100  00000100  00000000  RWIX
  EPWM1                 00006800   00000022  00000022  00000000  RWIX
  EPWM2                 00006840   00000022  00000022  00000000  RWIX
  EPWM3                 00006880   00000022  00000022  00000000  RWIX
  EPWM4                 000068c0   00000022  00000022  00000000  RWIX
  EPWM5                 00006900   00000022  00000022  00000000  RWIX
  EPWM6                 00006940   00000022  00000022  00000000  RWIX
  ECAP1                 00006a00   00000020  00000020  00000000  RWIX
  ECAP2                 00006a20   00000020  00000020  00000000  RWIX
  ECAP3                 00006a40   00000020  00000020  00000000  RWIX
  ECAP4                 00006a60   00000020  00000020  00000000  RWIX
  ECAP5                 00006a80   00000020  00000020  00000000  RWIX
  ECAP6                 00006aa0   00000020  00000020  00000000  RWIX
  EQEP1                 00006b00   00000040  00000040  00000000  RWIX
  EQEP2                 00006b40   00000040  00000040  00000000  RWIX
  GPIOCTRL              00006f80   00000040  0000002e  00000012  RWIX
  GPIODAT               00006fc0   00000020  00000020  00000000  RWIX
  GPIOINT               00006fe0   00000020  0000000a  00000016  RWIX
  SYSTEM                00007010   00000020  00000020  00000000  RWIX
  SPIA                  00007040   00000010  00000010  00000000  RWIX
  SCIA                  00007050   00000010  00000010  00000000  RWIX
  XINTRUPT              00007070   00000010  00000010  00000000  RWIX
  ADC                   00007100   00000020  0000001e  00000002  RWIX
  SCIB                  00007750   00000010  00000010  00000000  RWIX
  SCIC                  00007770   00000010  00000010  00000000  RWIX
  I2CA                  00007900   00000040  00000022  0000001e  RWIX
  RAML4                 0000c000   00001000  00000445  00000bbb  RWIX
  RAML567               0000d000   00003000  000004c7  00002b39  RWIX
  ZONE7B                0020fc00   00000400  00000000  00000400  RWIX
  CSM_PWL               0033fff8   00000008  00000008  00000000  RWIX
  PARTID                00380090   00000001  00000001  00000000  RWIX


SECTION ALLOCATION MAP

 output                                  attributes/
section   page    origin      length       input sections
--------  ----  ----------  ----------   ----------------
codestart 
*          0    00000000    00000002     
                  00000000    00000002     DSP2833x_CodeStartBranch.obj (codestart)

.text      0    00008000    00002a85     
                  00008000    00001795     Control_Source.obj (.text)
                  00009795    00000316     DSP2833x_DefaultIsr.obj (.text:retain)
                  00009aab    00000186     ePWM.obj (.text)
                  00009c31    00000160     DAC.obj (.text)
                  00009d91    00000142     eCAP.obj (.text:retain)
                  00009ed3    00000130     ADC.obj (.text:retain)
                  0000a003    0000010a     ADC.obj (.text)
                  0000a10d    000000f7     DSP2833x_SysCtrl.obj (.text)
                  0000a204    000000f6     DSP2833x_Xintf.obj (.text)
                  0000a2fa    000000d3     main.obj (.text)
                  0000a3cd    000000d2     rts2800_fpu32.lib : e_atan2f.c.obj (.text)
                  0000a49f    000000ca                       : s_atanf.c.obj (.text)
                  0000a569    000000a5     Filters.obj (.text)
                  0000a60e    0000009a     GPIO.obj (.text)
                  0000a6a8    0000009a     eQEP.obj (.text)
                  0000a742    00000088     rts2800_fpu32.lib : fs_div28.asm.obj (.text)
                  0000a7ca    00000066                       : s_sinf.c.obj (.text)
                  0000a830    00000063                       : s_cosf.c.obj (.text)
                  0000a893    00000056                       : boot28.asm.obj (.text)
                  0000a8e9    00000051     eCAP.obj (.text)
                  0000a93a    00000042     ePWM.obj (.text:retain)
                  0000a97c    00000029     rts2800_fpu32.lib : exit.c.obj (.text)
                  0000a9a5    00000028     DSP2833x_PieCtrl.obj (.text)
                  0000a9cd    00000001     rts2800_fpu32.lib : startup.c.obj (.text)
                  0000a9ce    00000027                       : e_sqrtf.c.obj (.text)
                  0000a9f5    00000024                       : cpy_tbl.c.obj (.text)
                  0000aa19    00000020     DSP2833x_PieVect.obj (.text)
                  0000aa39    0000001d     rts2800_fpu32.lib : memcpy.c.obj (.text)
                  0000aa56    00000012                       : args_main.c.obj (.text)
                  0000aa68    00000009                       : _lock.c.obj (.text)
                  0000aa71    00000008     DSP2833x_CodeStartBranch.obj (.text)
                  0000aa79    00000007     DSP2833x_DisInt.obj (.text)
                  0000aa80    00000003     DSP2833x_DBGIER.obj (.text)
                  0000aa83    00000002     rts2800_fpu32.lib : pre_init.c.obj (.text)

ramfuncs   0    0000aa85    00000004     
                  0000aa85    00000004     DSP2833x_usDelay.obj (ramfuncs)

DevEmuRegsFile 
*          1    00000880    000000d0     UNINITIALIZED
                  00000880    000000d0     DSP2833x_GlobalVariableDefs.obj (DevEmuRegsFile)

FlashRegsFile 
*          1    00000a80    00000008     UNINITIALIZED
                  00000a80    00000008     DSP2833x_GlobalVariableDefs.obj (FlashRegsFile)

CsmRegsFile 
*          1    00000ae0    00000010     UNINITIALIZED
                  00000ae0    00000010     DSP2833x_GlobalVariableDefs.obj (CsmRegsFile)

AdcMirrorFile 
*          1    00000b00    00000010     UNINITIALIZED
                  00000b00    00000010     DSP2833x_GlobalVariableDefs.obj (AdcMirrorFile)

XintfRegsFile 
*          1    00000b20    0000001e     UNINITIALIZED
                  00000b20    0000001e     DSP2833x_GlobalVariableDefs.obj (XintfRegsFile)

CpuTimer0RegsFile 
*          1    00000c00    00000008     UNINITIALIZED
                  00000c00    00000008     DSP2833x_GlobalVariableDefs.obj (CpuTimer0RegsFile)

CpuTimer1RegsFile 
*          1    00000c08    00000008     UNINITIALIZED
                  00000c08    00000008     DSP2833x_GlobalVariableDefs.obj (CpuTimer1RegsFile)

CpuTimer2RegsFile 
*          1    00000c10    00000008     UNINITIALIZED
                  00000c10    00000008     DSP2833x_GlobalVariableDefs.obj (CpuTimer2RegsFile)

PieCtrlRegsFile 
*          1    00000ce0    0000001a     UNINITIALIZED
                  00000ce0    0000001a     DSP2833x_GlobalVariableDefs.obj (PieCtrlRegsFile)

ECanaMOTSRegsFile 
*          1    00006080    00000040     UNINITIALIZED
                  00006080    00000040     DSP2833x_GlobalVariableDefs.obj (ECanaMOTSRegsFile)

ECanaMOTORegsFile 
*          1    000060c0    00000040     UNINITIALIZED
                  000060c0    00000040     DSP2833x_GlobalVariableDefs.obj (ECanaMOTORegsFile)

ECanbMOTSRegsFile 
*          1    00006280    00000040     UNINITIALIZED
                  00006280    00000040     DSP2833x_GlobalVariableDefs.obj (ECanbMOTSRegsFile)

ECanbMOTORegsFile 
*          1    000062c0    00000040     UNINITIALIZED
                  000062c0    00000040     DSP2833x_GlobalVariableDefs.obj (ECanbMOTORegsFile)

.cinit     1    0000c300    00000145     
                  0000c300    00000023     ADC.obj (.cinit:_ADC_Init)
                  0000c323    00000023     ADC.obj (.cinit:_ADC_Offset)
                  0000c346    00000023     ADC.obj (.cinit:_ADC_Offset_Sum)
                  0000c369    00000023     ADC.obj (.cinit:_ADC_Result)
                  0000c38c    00000023     ADC.obj (.cinit:_ADC_Scale)
                  0000c3af    0000001c     Control_Source.obj (.cinit)
                  0000c3cb    00000012     eCAP.obj (.cinit)
                  0000c3dd    0000000e     rts2800_fpu32.lib : exit.c.obj (.cinit)
                  0000c3eb    0000000b     DAC.obj (.cinit:_DA)
                  0000c3f6    0000000b     DAC.obj (.cinit:_DA_Offset)
                  0000c401    0000000b     DAC.obj (.cinit:_DA_Ratio)
                  0000c40c    0000000b     DAC.obj (.cinit:_DA_Value)
                  0000c417    00000009     ADC.obj (.cinit)
                  0000c420    00000009     eQEP.obj (.cinit)
                  0000c429    00000007     DAC.obj (.cinit:_DAC)
                  0000c430    00000005     DAC.obj (.cinit)
                  0000c435    00000005     rts2800_fpu32.lib : _lock.c.obj (.cinit:__lock)
                  0000c43a    00000005                       : _lock.c.obj (.cinit:__unlock)
                  0000c43f    00000004                       : errno.c.obj (.cinit)
                  0000c443    00000002     --HOLE-- [fill = 0]

.pinit     0    00008000    00000000     UNINITIALIZED

.stack     1    0000c000    00000300     UNINITIALIZED
                  0000c000    00000300     --HOLE--

.ebss      1    0000d000    0000039d     UNINITIALIZED
                  0000d000    00000216     Control_Source.obj (.ebss)
                  0000d216    00000020     ADC.obj (.ebss:_ADC_Init)
                  0000d236    00000008     DAC.obj (.ebss:_DA)
                  0000d23e    00000002     rts2800_fpu32.lib : _lock.c.obj (.ebss:__lock)
                  0000d240    0000008e     Filters.obj (.ebss)
                  0000d2ce    00000020     ADC.obj (.ebss:_ADC_Offset)
                  0000d2ee    00000008     DAC.obj (.ebss:_DA_Offset)
                  0000d2f6    00000008     DAC.obj (.ebss:_DA_Ratio)
                  0000d2fe    00000002     rts2800_fpu32.lib : _lock.c.obj (.ebss:__unlock)
                  0000d300    00000020     ADC.obj (.ebss:_ADC_Offset_Sum)
                  0000d320    00000020     ADC.obj (.ebss:_ADC_Result)
                  0000d340    00000020     ADC.obj (.ebss:_ADC_Scale)
                  0000d360    00000018     DSP2833x_CpuTimers.obj (.ebss)
                  0000d378    00000008     DAC.obj (.ebss:_DA_Value)
                  0000d380    00000006     eCAP.obj (.ebss)
                  0000d386    00000006     rts2800_fpu32.lib : exit.c.obj (.ebss)
                  0000d38c    00000004     ADC.obj (.ebss)
                  0000d390    00000004     DAC.obj (.ebss)
                  0000d394    00000004     DAC.obj (.ebss:_DAC)
                  0000d398    00000004     eQEP.obj (.ebss)
                  0000d39c    00000001     rts2800_fpu32.lib : errno.c.obj (.ebss)

.econst    1    0000d39e    0000012a     
                  0000d39e    00000100     DSP2833x_PieVect.obj (.econst:_PieVectTableInit)
                  0000d49e    0000000c     rts2800_fpu32.lib : e_atan2f.c.obj (.econst)
                  0000d4aa    0000000a                       : s_atanf.c.obj (.econst:_aT)
                  0000d4b4    00000008                       : s_atanf.c.obj (.econst:_atanhi)
                  0000d4bc    00000008                       : s_atanf.c.obj (.econst:_atanlo)
                  0000d4c4    00000004                       : s_atanf.c.obj (.econst)

.reset     0    003fffc0    00000002     DSECT
                  003fffc0    00000002     rts2800_fpu32.lib : boot28.asm.obj (.reset)

csm_rsvd   0    0033ff80    00000076     DSECT
                  0033ff80    00000076     DSP2833x_CSMPasswords.obj (csm_rsvd)

csmpasswds 
*          0    0033fff8    00000008     DSECT
                  0033fff8    00000008     DSP2833x_CSMPasswords.obj (csmpasswds)

.adc_cal   0    00380080    00000007     NOLOAD SECTION
                  00380080    00000007     DSP2833x_ADC_cal.obj (.adc_cal)

PieVectTableFile 
*          1    00000d00    00000100     UNINITIALIZED
                  00000d00    00000100     DSP2833x_GlobalVariableDefs.obj (PieVectTableFile)

DmaRegsFile 
*          1    00001000    000000e0     UNINITIALIZED
                  00001000    000000e0     DSP2833x_GlobalVariableDefs.obj (DmaRegsFile)

McbspaRegsFile 
*          1    00005000    00000025     UNINITIALIZED
                  00005000    00000025     DSP2833x_GlobalVariableDefs.obj (McbspaRegsFile)

McbspbRegsFile 
*          1    00005040    00000025     UNINITIALIZED
                  00005040    00000025     DSP2833x_GlobalVariableDefs.obj (McbspbRegsFile)

ECanaRegsFile 
*          1    00006000    00000034     UNINITIALIZED
                  00006000    00000034     DSP2833x_GlobalVariableDefs.obj (ECanaRegsFile)

ECanaLAMRegsFile 
*          1    00006040    00000040     UNINITIALIZED
                  00006040    00000040     DSP2833x_GlobalVariableDefs.obj (ECanaLAMRegsFile)

ECanaMboxesFile 
*          1    00006100    00000100     UNINITIALIZED
                  00006100    00000100     DSP2833x_GlobalVariableDefs.obj (ECanaMboxesFile)

ECanbRegsFile 
*          1    00006200    00000034     UNINITIALIZED
                  00006200    00000034     DSP2833x_GlobalVariableDefs.obj (ECanbRegsFile)

ECanbLAMRegsFile 
*          1    00006240    00000040     UNINITIALIZED
                  00006240    00000040     DSP2833x_GlobalVariableDefs.obj (ECanbLAMRegsFile)

ECanbMboxesFile 
*          1    00006300    00000100     UNINITIALIZED
                  00006300    00000100     DSP2833x_GlobalVariableDefs.obj (ECanbMboxesFile)

EPwm1RegsFile 
*          1    00006800    00000022     UNINITIALIZED
                  00006800    00000022     DSP2833x_GlobalVariableDefs.obj (EPwm1RegsFile)

EPwm2RegsFile 
*          1    00006840    00000022     UNINITIALIZED
                  00006840    00000022     DSP2833x_GlobalVariableDefs.obj (EPwm2RegsFile)

EPwm3RegsFile 
*          1    00006880    00000022     UNINITIALIZED
                  00006880    00000022     DSP2833x_GlobalVariableDefs.obj (EPwm3RegsFile)

EPwm4RegsFile 
*          1    000068c0    00000022     UNINITIALIZED
                  000068c0    00000022     DSP2833x_GlobalVariableDefs.obj (EPwm4RegsFile)

EPwm5RegsFile 
*          1    00006900    00000022     UNINITIALIZED
                  00006900    00000022     DSP2833x_GlobalVariableDefs.obj (EPwm5RegsFile)

EPwm6RegsFile 
*          1    00006940    00000022     UNINITIALIZED
                  00006940    00000022     DSP2833x_GlobalVariableDefs.obj (EPwm6RegsFile)

ECap1RegsFile 
*          1    00006a00    00000020     UNINITIALIZED
                  00006a00    00000020     DSP2833x_GlobalVariableDefs.obj (ECap1RegsFile)

ECap2RegsFile 
*          1    00006a20    00000020     UNINITIALIZED
                  00006a20    00000020     DSP2833x_GlobalVariableDefs.obj (ECap2RegsFile)

ECap3RegsFile 
*          1    00006a40    00000020     UNINITIALIZED
                  00006a40    00000020     DSP2833x_GlobalVariableDefs.obj (ECap3RegsFile)

ECap4RegsFile 
*          1    00006a60    00000020     UNINITIALIZED
                  00006a60    00000020     DSP2833x_GlobalVariableDefs.obj (ECap4RegsFile)

ECap5RegsFile 
*          1    00006a80    00000020     UNINITIALIZED
                  00006a80    00000020     DSP2833x_GlobalVariableDefs.obj (ECap5RegsFile)

ECap6RegsFile 
*          1    00006aa0    00000020     UNINITIALIZED
                  00006aa0    00000020     DSP2833x_GlobalVariableDefs.obj (ECap6RegsFile)

EQep1RegsFile 
*          1    00006b00    00000040     UNINITIALIZED
                  00006b00    00000040     DSP2833x_GlobalVariableDefs.obj (EQep1RegsFile)

EQep2RegsFile 
*          1    00006b40    00000040     UNINITIALIZED
                  00006b40    00000040     DSP2833x_GlobalVariableDefs.obj (EQep2RegsFile)

GpioCtrlRegsFile 
*          1    00006f80    0000002e     UNINITIALIZED
                  00006f80    0000002e     DSP2833x_GlobalVariableDefs.obj (GpioCtrlRegsFile)

GpioDataRegsFile 
*          1    00006fc0    00000020     UNINITIALIZED
                  00006fc0    00000020     DSP2833x_GlobalVariableDefs.obj (GpioDataRegsFile)

GpioIntRegsFile 
*          1    00006fe0    0000000a     UNINITIALIZED
                  00006fe0    0000000a     DSP2833x_GlobalVariableDefs.obj (GpioIntRegsFile)

SysCtrlRegsFile 
*          1    00007010    00000020     UNINITIALIZED
                  00007010    00000020     DSP2833x_GlobalVariableDefs.obj (SysCtrlRegsFile)

SpiaRegsFile 
*          1    00007040    00000010     UNINITIALIZED
                  00007040    00000010     DSP2833x_GlobalVariableDefs.obj (SpiaRegsFile)

SciaRegsFile 
*          1    00007050    00000010     UNINITIALIZED
                  00007050    00000010     DSP2833x_GlobalVariableDefs.obj (SciaRegsFile)

XIntruptRegsFile 
*          1    00007070    00000010     UNINITIALIZED
                  00007070    00000010     DSP2833x_GlobalVariableDefs.obj (XIntruptRegsFile)

AdcRegsFile 
*          1    00007100    0000001e     UNINITIALIZED
                  00007100    0000001e     DSP2833x_GlobalVariableDefs.obj (AdcRegsFile)

ScibRegsFile 
*          1    00007750    00000010     UNINITIALIZED
                  00007750    00000010     DSP2833x_GlobalVariableDefs.obj (ScibRegsFile)

ScicRegsFile 
*          1    00007770    00000010     UNINITIALIZED
                  00007770    00000010     DSP2833x_GlobalVariableDefs.obj (ScicRegsFile)

I2caRegsFile 
*          1    00007900    00000022     UNINITIALIZED
                  00007900    00000022     DSP2833x_GlobalVariableDefs.obj (I2caRegsFile)

CsmPwlFile 
*          1    0033fff8    00000008     UNINITIALIZED
                  0033fff8    00000008     DSP2833x_GlobalVariableDefs.obj (CsmPwlFile)

PartIdRegsFile 
*          1    00380090    00000001     UNINITIALIZED
                  00380090    00000001     DSP2833x_GlobalVariableDefs.obj (PartIdRegsFile)

MODULE SUMMARY

       Module                            code    initialized data   uninitialized data
       ------                            ----    ----------------   ------------------
    .\
       main.obj                          211     0                  0                 
    +--+---------------------------------+-------+------------------+--------------------+
       Total:                            211     0                  0                 
                                                                                      
    .\TI_source\
       DSP2833x_GlobalVariableDefs.obj   0       0                  2679              
       DSP2833x_DefaultIsr.obj           790     0                  0                 
       DSP2833x_PieVect.obj              32      256                0                 
       DSP2833x_SysCtrl.obj              247     0                  0                 
       DSP2833x_Xintf.obj                246     0                  0                 
       DSP2833x_PieCtrl.obj              40      0                  0                 
       DSP2833x_CpuTimers.obj            0       0                  24                
       DSP2833x_CodeStartBranch.obj      10      0                  0                 
       DSP2833x_ADC_cal.obj              7       0                  0                 
       DSP2833x_DisInt.obj               7       0                  0                 
       DSP2833x_usDelay.obj              4       0                  0                 
       DSP2833x_DBGIER.obj               3       0                  0                 
    +--+---------------------------------+-------+------------------+--------------------+
       Total:                            1386    256                2703              
                                                                                      
    .\source\
       Control_Source.obj                6037    28                 534               
       ADC.obj                           570     184                164               
       ePWM.obj                          456     0                  0                 
       DAC.obj                           352     56                 40                
       eCAP.obj                          403     18                 6                 
       Filters.obj                       165     0                  142               
       eQEP.obj                          154     9                  4                 
       GPIO.obj                          154     0                  0                 
    +--+---------------------------------+-------+------------------+--------------------+
       Total:                            8291    295                890               
                                                                                      
    C:\ti\ccs1240\ccs\tools\compiler\ti-cgt-c2000_22.6.0.LTS\lib\rts2800_fpu32.lib
       s_atanf.c.obj                     202     30                 0                 
       e_atan2f.c.obj                    210     12                 0                 
       fs_div28.asm.obj                  136     0                  0                 
       s_sinf.c.obj                      102     0                  0                 
       s_cosf.c.obj                      99      0                  0                 
       boot28.asm.obj                    86      0                  0                 
       exit.c.obj                        41      14                 6                 
       e_sqrtf.c.obj                     39      0                  0                 
       cpy_tbl.c.obj                     36      0                  0                 
       memcpy.c.obj                      29      0                  0                 
       _lock.c.obj                       9       10                 4                 
       args_main.c.obj                   18      0                  0                 
       errno.c.obj                       0       4                  1                 
       pre_init.c.obj                    2       0                  0                 
       startup.c.obj                     1       0                  0                 
    +--+---------------------------------+-------+------------------+--------------------+
       Total:                            1010    70                 11                
                                                                                      
       Stack:                            0       0                  768               
    +--+---------------------------------+-------+------------------+--------------------+
       Grand Total:                      10898   621                4372              


GLOBAL DATA SYMBOLS: SORTED BY DATA PAGE

address     data page           name
--------    ----------------    ----
00000880      22 (00000880)     _DevEmuRegs

00000a80      2a (00000a80)     _FlashRegs

00000ae0      2b (00000ac0)     _CsmRegs

00000b00      2c (00000b00)     _AdcMirror
00000b20      2c (00000b00)     _XintfRegs

00000c00      30 (00000c00)     _CpuTimer0Regs
00000c08      30 (00000c00)     _CpuTimer1Regs
00000c10      30 (00000c00)     _CpuTimer2Regs

00000ce0      33 (00000cc0)     _PieCtrlRegs

00000d00      34 (00000d00)     _PieVectTable

00001000      40 (00001000)     _DmaRegs

00005000     140 (00005000)     _McbspaRegs

00005040     141 (00005040)     _McbspbRegs

00006000     180 (00006000)     _ECanaRegs

00006040     181 (00006040)     _ECanaLAMRegs

00006080     182 (00006080)     _ECanaMOTSRegs

000060c0     183 (000060c0)     _ECanaMOTORegs

00006100     184 (00006100)     _ECanaMboxes

00006200     188 (00006200)     _ECanbRegs

00006240     189 (00006240)     _ECanbLAMRegs

00006280     18a (00006280)     _ECanbMOTSRegs

000062c0     18b (000062c0)     _ECanbMOTORegs

00006300     18c (00006300)     _ECanbMboxes

00006800     1a0 (00006800)     _EPwm1Regs

00006840     1a1 (00006840)     _EPwm2Regs

00006880     1a2 (00006880)     _EPwm3Regs

000068c0     1a3 (000068c0)     _EPwm4Regs

00006900     1a4 (00006900)     _EPwm5Regs

00006940     1a5 (00006940)     _EPwm6Regs

00006a00     1a8 (00006a00)     _ECap1Regs
00006a20     1a8 (00006a00)     _ECap2Regs

00006a40     1a9 (00006a40)     _ECap3Regs
00006a60     1a9 (00006a40)     _ECap4Regs

00006a80     1aa (00006a80)     _ECap5Regs
00006aa0     1aa (00006a80)     _ECap6Regs

00006b00     1ac (00006b00)     _EQep1Regs

00006b40     1ad (00006b40)     _EQep2Regs

00006f80     1be (00006f80)     _GpioCtrlRegs

00006fc0     1bf (00006fc0)     _GpioDataRegs
00006fe0     1bf (00006fc0)     _GpioIntRegs

00007010     1c0 (00007000)     _SysCtrlRegs

00007040     1c1 (00007040)     _SpiaRegs
00007050     1c1 (00007040)     _SciaRegs
00007070     1c1 (00007040)     _XIntruptRegs

00007100     1c4 (00007100)     _AdcRegs

00007750     1dd (00007740)     _ScibRegs
00007770     1dd (00007740)     _ScicRegs

00007900     1e4 (00007900)     _I2caRegs

0000c000     300 (0000c000)     __stack

0000d000     340 (0000d000)     _Flag_Reset
0000d001     340 (0000d000)     _Flag_Start
0000d002     340 (0000d000)     _t_DSP
0000d004     340 (0000d000)     _Ias_PMSM_Offset_Typ
0000d006     340 (0000d000)     _Ibs_PMSM_Offset_Typ
0000d008     340 (0000d000)     _Ics_PMSM_Offset_Typ
0000d00a     340 (0000d000)     _SpdObs1

0000d040     341 (0000d040)     _EEMF_RRF1

0000d0c0     343 (0000d0c0)     _SPMSM1

0000d216     348 (0000d200)     _ADC_Init
0000d236     348 (0000d200)     _DA
0000d23e     348 (0000d200)     __lock

0000d240     349 (0000d240)     _Wrm_LPF
0000d24e     349 (0000d240)     _WrCmd_LPF
0000d25c     349 (0000d240)     _Vs_LPF
0000d26a     349 (0000d240)     _Edse_LPF

0000d280     34a (0000d280)     _Eqse_LPF
0000d28e     34a (0000d280)     _W_Est_LPF
0000d29c     34a (0000d280)     _QsRef_LPF
0000d2aa     34a (0000d280)     _QsAdj_LPF

0000d2c0     34b (0000d2c0)     _ThetarErr_Q_LPF
0000d2ce     34b (0000d2c0)     _ADC_Offset
0000d2ee     34b (0000d2c0)     _DA_Offset
0000d2f6     34b (0000d2c0)     _DA_Ratio
0000d2fe     34b (0000d2c0)     __unlock

0000d300     34c (0000d300)     _ADC_Offset_Sum
0000d320     34c (0000d300)     _ADC_Result

0000d340     34d (0000d340)     _ADC_Scale
0000d360     34d (0000d340)     _CpuTimer0
0000d368     34d (0000d340)     _CpuTimer1
0000d370     34d (0000d340)     _CpuTimer2
0000d378     34d (0000d340)     _DA_Value

0000d380     34e (0000d380)     _HallSignal
0000d381     34e (0000d380)     _HallSignal_Old
0000d382     34e (0000d380)     _Theta_HALL_SECTOR
0000d384     34e (0000d380)     _Wrm_HALL
0000d386     34e (0000d380)     ___TI_enable_exit_profile_output
0000d388     34e (0000d380)     ___TI_cleanup_ptr
0000d38a     34e (0000d380)     ___TI_dtors_ptr
0000d38c     34e (0000d380)     _ADC_Offset_Cnt
0000d38e     34e (0000d380)     _INV_Offset_Range
0000d390     34e (0000d380)     _cnt_delay
0000d392     34e (0000d380)     _DA_Delay
0000d394     34e (0000d380)     _DAC
0000d398     34e (0000d380)     _EncCnt
0000d39a     34e (0000d380)     _Theta_ENC
0000d39c     34e (0000d380)     _errno
0000d39e     34e (0000d380)     _PieVectTableInit

0033fff8    cfff (0033ffc0)     _CsmPwl

00380090    e002 (00380080)     _PartIdRegs


GLOBAL SYMBOLS: SORTED ALPHABETICALLY BY Name 

page  address   name                            
----  -------   ----                            
0     00008000  .text                           
0     0000a97c  C$$EXIT                         
0     0000a742  FS$$DIV                         
0     0000987b  _ADCINT_ISR                     
0     00009ed3  _ADC_INT                        
1     0000d216  _ADC_Init                       
1     0000d2ce  _ADC_Offset                     
1     0000d38c  _ADC_Offset_Cnt                 
0     00009ef5  _ADC_Offset_INT                 
1     0000d300  _ADC_Offset_Sum                 
1     0000d320  _ADC_Result                     
1     0000d340  _ADC_Scale                      
0     00380080  _ADC_cal                        
1     00000b00  _AdcMirror                      
1     00007100  _AdcRegs                        
0     0000a09d  _Calculate_ADC                  
0     00008000  _Control_Source                 
1     0000d360  _CpuTimer0                      
1     00000c00  _CpuTimer0Regs                  
1     0000d368  _CpuTimer1                      
1     00000c08  _CpuTimer1Regs                  
1     0000d370  _CpuTimer2                      
1     00000c10  _CpuTimer2Regs                  
1     0033fff8  _CsmPwl                         
1     00000ae0  _CsmRegs                        
0     0000a1d3  _CsmUnlock                      
1     0000d236  _DA                             
1     0000d394  _DAC                            
0     000097a9  _DATALOG_ISR                    
1     0000d392  _DA_Delay                       
1     0000d2ee  _DA_Offset                      
1     0000d2f6  _DA_Ratio                       
1     0000d378  _DA_Value                       
0     0000999d  _DINTCH1_ISR                    
0     000099a7  _DINTCH2_ISR                    
0     000099b1  _DINTCH3_ISR                    
0     000099bb  _DINTCH4_ISR                    
0     000099c5  _DINTCH5_ISR                    
0     000099cf  _DINTCH6_ISR                    
0     0000aa79  _DSP28x_DisableInt              
0     0000aa7d  _DSP28x_RestoreInt              
0     0000aa85  _DSP28x_usDelay                 
1     00000880  _DevEmuRegs                     
0     0000a120  _DisableDog                     
1     00001000  _DmaRegs                        
0     00009a29  _ECAN0INTA_ISR                  
0     00009a3d  _ECAN0INTB_ISR                  
0     00009a33  _ECAN1INTA_ISR                  
0     00009a47  _ECAN1INTB_ISR                  
0     00009911  _ECAP1_INT_ISR                  
0     0000991b  _ECAP2_INT_ISR                  
0     00009925  _ECAP3_INT_ISR                  
0     0000992f  _ECAP4_INT_ISR                  
0     00009939  _ECAP5_INT_ISR                  
0     00009943  _ECAP6_INT_ISR                  
0     00009d91  _ECAP_INT                       
1     00006040  _ECanaLAMRegs                   
1     000060c0  _ECanaMOTORegs                  
1     00006080  _ECanaMOTSRegs                  
1     00006100  _ECanaMboxes                    
1     00006000  _ECanaRegs                      
1     00006240  _ECanbLAMRegs                   
1     000062c0  _ECanbMOTORegs                  
1     00006280  _ECanbMOTSRegs                  
1     00006300  _ECanbMboxes                    
1     00006200  _ECanbRegs                      
1     00006a00  _ECap1Regs                      
1     00006a20  _ECap2Regs                      
1     00006a40  _ECap3Regs                      
1     00006a60  _ECap4Regs                      
1     00006a80  _ECap5Regs                      
1     00006aa0  _ECap6Regs                      
1     0000d040  _EEMF_RRF1                      
0     000097bd  _EMUINT_ISR                     
0     000098d5  _EPWM1_INT_ISR                  
0     00009899  _EPWM1_TZINT_ISR                
0     000098df  _EPWM2_INT_ISR                  
0     000098a3  _EPWM2_TZINT_ISR                
0     000098e9  _EPWM3_INT_ISR                  
0     000098ad  _EPWM3_TZINT_ISR                
0     000098f3  _EPWM4_INT_ISR                  
0     000098b7  _EPWM4_TZINT_ISR                
0     000098fd  _EPWM5_INT_ISR                  
0     000098c1  _EPWM5_TZINT_ISR                
0     00009907  _EPWM6_INT_ISR                  
0     000098cb  _EPWM6_TZINT_ISR                
1     00006800  _EPwm1Regs                      
1     00006840  _EPwm2Regs                      
1     00006880  _EPwm3Regs                      
1     000068c0  _EPwm4Regs                      
1     00006900  _EPwm5Regs                      
1     00006940  _EPwm6Regs                      
0     0000994d  _EQEP1_INT_ISR                  
0     00009957  _EQEP2_INT_ISR                  
1     00006b00  _EQep1Regs                      
1     00006b40  _EQep2Regs                      
1     0000d26a  _Edse_LPF                       
0     0000a9c4  _EnableInterrupts               
1     0000d398  _EncCnt                         
0     0000a6e7  _Encoder                        
1     0000d280  _Eqse_LPF                       
1     0000d000  _Flag_Reset                     
1     0000d001  _Flag_Start                     
1     00000a80  _FlashRegs                      
0     0000911b  _Flux_Weakening_Control         
1     00006f80  _GpioCtrlRegs                   
1     00006fc0  _GpioDataRegs                   
1     00006fe0  _GpioIntRegs                    
1     0000d380  _HallSignal                     
1     0000d381  _HallSignal_Old                 
0     000099d9  _I2CINT1A_ISR                   
0     000099e3  _I2CINT2A_ISR                   
1     00007900  _I2caRegs                       
0     000095e8  _IF_Control                     
0     000097d1  _ILLEGAL_ISR                    
0     00009795  _INT13_ISR                      
0     0000979f  _INT14_ISR                      
1     0000d38e  _INV_Offset_Range               
1     0000d004  _Ias_PMSM_Offset_Typ            
1     0000d006  _Ibs_PMSM_Offset_Typ            
1     0000d008  _Ics_PMSM_Offset_Typ            
0     0000a178  _InitPeripheralClocks           
0     0000a9a5  _InitPieCtrl                    
0     0000aa19  _InitPieVectTable               
0     0000a128  _InitPll                        
0     0000a10d  _InitSysCtrl                    
0     0000a204  _InitXintf                      
0     0000a2a0  _InitXintf16Gpio                
0     0000a259  _InitXintf32Gpio                
0     0000a003  _Init_ADC                       
0     00008b64  _Init_Cont_SynM                 
0     00009c49  _Init_DAC                       
0     0000a569  _Init_Filt_1st_BackwardEuler    
0     0000a60e  _Init_GPIO                      
0     0000920c  _Init_Obs_EEMF_RRF              
0     0000878b  _Init_Para_SynM                 
0     00008f1f  _Init_Speed_Observer            
0     0000a8e9  _Init_eCAP                      
0     00009aab  _Init_ePWM                      
0     0000a6a8  _Init_eQEP                      
0     00009a8d  _LUF_ISR                        
0     00009a83  _LVF_ISR                        
0     00009989  _MRINTA_ISR                     
0     00009975  _MRINTB_ISR                     
0     00009993  _MXINTA_ISR                     
0     0000997f  _MXINTB_ISR                     
1     00005000  _McbspaRegs                     
1     00005040  _McbspbRegs                     
0     000097c7  _NMI_ISR                        
0     00009a97  _PIE_RESERVED                   
0     00008e06  _PI_Current_Control_SynM        
0     00008cb3  _PI_IP_Speed_Control_SynM       
1     00380090  _PartIdRegs                     
1     00000ce0  _PieCtrlRegs                    
1     00000d00  _PieVectTable                   
1     0000d39e  _PieVectTableInit               
1     0000d2aa  _QsAdj_LPF                      
1     0000d29c  _QsRef_LPF                      
0     000097b3  _RTOSINT_ISR                    
0     00009a01  _SCIRXINTA_ISR                  
0     00009a15  _SCIRXINTB_ISR                  
0     000099ed  _SCIRXINTC_ISR                  
0     00009a0b  _SCITXINTA_ISR                  
0     00009a1f  _SCITXINTB_ISR                  
0     000099f7  _SCITXINTC_ISR                  
0     00009853  _SEQ1INT_ISR                    
0     0000985d  _SEQ2INT_ISR                    
0     00009961  _SPIRXINTA_ISR                  
0     0000996b  _SPITXINTA_ISR                  
1     0000d0c0  _SPMSM1                         
1     00007050  _SciaRegs                       
1     00007750  _ScibRegs                       
1     00007770  _ScicRegs                       
0     00009cc2  _Select_DA_variable             
0     0000a116  _ServiceDog                     
0     0000aa80  _SetDBGIER                      
1     0000d00a  _SpdObs1                        
1     00007040  _SpiaRegs                       
1     00007010  _SysCtrlRegs                    
0     00009885  _TINT0_ISR                      
1     0000d39a  _Theta_ENC                      
1     0000d382  _Theta_HALL_SECTOR              
1     0000d2c0  _ThetarErr_Q_LPF                
0     00008d97  _Torque_Control_SynM            
0     00009835  _USER10_ISR                     
0     0000983f  _USER11_ISR                     
0     00009849  _USER12_ISR                     
0     000097db  _USER1_ISR                      
0     000097e5  _USER2_ISR                      
0     000097ef  _USER3_ISR                      
0     000097f9  _USER4_ISR                      
0     00009803  _USER5_ISR                      
0     0000980d  _USER6_ISR                      
0     00009817  _USER7_ISR                      
0     00009821  _USER8_ISR                      
0     0000982b  _USER9_ISR                      
0     0000a5a6  _Upd_Filt_1st_BackwardEuler     
0     000092ff  _Upd_Obs_EEMF_RRF               
0     00008f89  _Upd_Speed_Observer             
1     0000d25c  _Vs_LPF                         
0     0000988f  _WAKEINT_ISR                    
1     0000d28e  _W_Est_LPF                      
1     0000d24e  _WrCmd_LPF                      
1     0000d384  _Wrm_HALL                       
1     0000d240  _Wrm_LPF                        
0     00009867  _XINT1_ISR                      
0     00009871  _XINT2_ISR                      
0     00009a51  _XINT3_ISR                      
0     00009a5b  _XINT4_ISR                      
0     00009a65  _XINT5_ISR                      
0     00009a6f  _XINT6_ISR                      
0     00009a79  _XINT7_ISR                      
1     00007070  _XIntruptRegs                   
1     00000b20  _XintfRegs                      
1     0000c300  __STACK_END                     
abs   00000300  __STACK_SIZE                    
1     0000d388  ___TI_cleanup_ptr               
1     0000d38a  ___TI_dtors_ptr                 
1     0000d386  ___TI_enable_exit_profile_output
abs   ffffffff  ___TI_pprof_out_hndl            
abs   ffffffff  ___TI_prof_data_size            
abs   ffffffff  ___TI_prof_data_start           
abs   ffffffff  ___binit__                      
abs   ffffffff  ___c_args__                     
1     0000c300  ___cinit__                      
0     0000aa85  ___etext__                      
abs   ffffffff  ___pinit__                      
0     00008000  ___text__                       
0     0000aa56  __args_main                     
1     0000d23e  __lock                          
0     0000aa70  __nop                           
0     0000aa6c  __register_lock                 
0     0000aa68  __register_unlock               
1     0000c000  __stack                         
0     0000a9cd  __system_post_cinit             
0     0000aa83  __system_pre_init               
1     0000d2fe  __unlock                        
0     0000a97c  _abort                          
0     0000a49f  _atan                           
0     0000a3cd  _atan2                          
0     0000a3cd  _atan2f                         
0     0000a49f  _atanf                          
0     0000a893  _c_int00                        
1     0000d390  _cnt_delay                      
0     0000a9f5  _copy_in                        
0     0000a830  _cos                            
0     0000a830  _cosf                           
0     00009c31  _delaycc                        
0     0000a93a  _ePWM_INT                       
1     0000d39c  _errno                          
0     0000a97e  _exit                           
0     0000a2fa  _main                           
0     0000aa39  _memcpy                         
0     00009aa1  _rsvd_ISR                       
0     0000a7ca  _sin                            
0     0000a7ca  _sinf                           
0     00009d7f  _spi_xmit                       
0     0000a9ce  _sqrt                           
0     0000a9ce  _sqrtf                          
1     0000d002  _t_DSP                          
abs   ffffffff  binit                           
1     0000c300  cinit                           
0     00000000  code_start                      
0     0000aa85  etext                           
abs   ffffffff  pinit                           


GLOBAL SYMBOLS: SORTED BY Symbol Address 

page  address   name                            
----  -------   ----                            
0     00000000  code_start                      
0     00008000  .text                           
0     00008000  _Control_Source                 
0     00008000  ___text__                       
0     0000878b  _Init_Para_SynM                 
0     00008b64  _Init_Cont_SynM                 
0     00008cb3  _PI_IP_Speed_Control_SynM       
0     00008d97  _Torque_Control_SynM            
0     00008e06  _PI_Current_Control_SynM        
0     00008f1f  _Init_Speed_Observer            
0     00008f89  _Upd_Speed_Observer             
0     0000911b  _Flux_Weakening_Control         
0     0000920c  _Init_Obs_EEMF_RRF              
0     000092ff  _Upd_Obs_EEMF_RRF               
0     000095e8  _IF_Control                     
0     00009795  _INT13_ISR                      
0     0000979f  _INT14_ISR                      
0     000097a9  _DATALOG_ISR                    
0     000097b3  _RTOSINT_ISR                    
0     000097bd  _EMUINT_ISR                     
0     000097c7  _NMI_ISR                        
0     000097d1  _ILLEGAL_ISR                    
0     000097db  _USER1_ISR                      
0     000097e5  _USER2_ISR                      
0     000097ef  _USER3_ISR                      
0     000097f9  _USER4_ISR                      
0     00009803  _USER5_ISR                      
0     0000980d  _USER6_ISR                      
0     00009817  _USER7_ISR                      
0     00009821  _USER8_ISR                      
0     0000982b  _USER9_ISR                      
0     00009835  _USER10_ISR                     
0     0000983f  _USER11_ISR                     
0     00009849  _USER12_ISR                     
0     00009853  _SEQ1INT_ISR                    
0     0000985d  _SEQ2INT_ISR                    
0     00009867  _XINT1_ISR                      
0     00009871  _XINT2_ISR                      
0     0000987b  _ADCINT_ISR                     
0     00009885  _TINT0_ISR                      
0     0000988f  _WAKEINT_ISR                    
0     00009899  _EPWM1_TZINT_ISR                
0     000098a3  _EPWM2_TZINT_ISR                
0     000098ad  _EPWM3_TZINT_ISR                
0     000098b7  _EPWM4_TZINT_ISR                
0     000098c1  _EPWM5_TZINT_ISR                
0     000098cb  _EPWM6_TZINT_ISR                
0     000098d5  _EPWM1_INT_ISR                  
0     000098df  _EPWM2_INT_ISR                  
0     000098e9  _EPWM3_INT_ISR                  
0     000098f3  _EPWM4_INT_ISR                  
0     000098fd  _EPWM5_INT_ISR                  
0     00009907  _EPWM6_INT_ISR                  
0     00009911  _ECAP1_INT_ISR                  
0     0000991b  _ECAP2_INT_ISR                  
0     00009925  _ECAP3_INT_ISR                  
0     0000992f  _ECAP4_INT_ISR                  
0     00009939  _ECAP5_INT_ISR                  
0     00009943  _ECAP6_INT_ISR                  
0     0000994d  _EQEP1_INT_ISR                  
0     00009957  _EQEP2_INT_ISR                  
0     00009961  _SPIRXINTA_ISR                  
0     0000996b  _SPITXINTA_ISR                  
0     00009975  _MRINTB_ISR                     
0     0000997f  _MXINTB_ISR                     
0     00009989  _MRINTA_ISR                     
0     00009993  _MXINTA_ISR                     
0     0000999d  _DINTCH1_ISR                    
0     000099a7  _DINTCH2_ISR                    
0     000099b1  _DINTCH3_ISR                    
0     000099bb  _DINTCH4_ISR                    
0     000099c5  _DINTCH5_ISR                    
0     000099cf  _DINTCH6_ISR                    
0     000099d9  _I2CINT1A_ISR                   
0     000099e3  _I2CINT2A_ISR                   
0     000099ed  _SCIRXINTC_ISR                  
0     000099f7  _SCITXINTC_ISR                  
0     00009a01  _SCIRXINTA_ISR                  
0     00009a0b  _SCITXINTA_ISR                  
0     00009a15  _SCIRXINTB_ISR                  
0     00009a1f  _SCITXINTB_ISR                  
0     00009a29  _ECAN0INTA_ISR                  
0     00009a33  _ECAN1INTA_ISR                  
0     00009a3d  _ECAN0INTB_ISR                  
0     00009a47  _ECAN1INTB_ISR                  
0     00009a51  _XINT3_ISR                      
0     00009a5b  _XINT4_ISR                      
0     00009a65  _XINT5_ISR                      
0     00009a6f  _XINT6_ISR                      
0     00009a79  _XINT7_ISR                      
0     00009a83  _LVF_ISR                        
0     00009a8d  _LUF_ISR                        
0     00009a97  _PIE_RESERVED                   
0     00009aa1  _rsvd_ISR                       
0     00009aab  _Init_ePWM                      
0     00009c31  _delaycc                        
0     00009c49  _Init_DAC                       
0     00009cc2  _Select_DA_variable             
0     00009d7f  _spi_xmit                       
0     00009d91  _ECAP_INT                       
0     00009ed3  _ADC_INT                        
0     00009ef5  _ADC_Offset_INT                 
0     0000a003  _Init_ADC                       
0     0000a09d  _Calculate_ADC                  
0     0000a10d  _InitSysCtrl                    
0     0000a116  _ServiceDog                     
0     0000a120  _DisableDog                     
0     0000a128  _InitPll                        
0     0000a178  _InitPeripheralClocks           
0     0000a1d3  _CsmUnlock                      
0     0000a204  _InitXintf                      
0     0000a259  _InitXintf32Gpio                
0     0000a2a0  _InitXintf16Gpio                
0     0000a2fa  _main                           
0     0000a3cd  _atan2                          
0     0000a3cd  _atan2f                         
0     0000a49f  _atan                           
0     0000a49f  _atanf                          
0     0000a569  _Init_Filt_1st_BackwardEuler    
0     0000a5a6  _Upd_Filt_1st_BackwardEuler     
0     0000a60e  _Init_GPIO                      
0     0000a6a8  _Init_eQEP                      
0     0000a6e7  _Encoder                        
0     0000a742  FS$$DIV                         
0     0000a7ca  _sin                            
0     0000a7ca  _sinf                           
0     0000a830  _cos                            
0     0000a830  _cosf                           
0     0000a893  _c_int00                        
0     0000a8e9  _Init_eCAP                      
0     0000a93a  _ePWM_INT                       
0     0000a97c  C$$EXIT                         
0     0000a97c  _abort                          
0     0000a97e  _exit                           
0     0000a9a5  _InitPieCtrl                    
0     0000a9c4  _EnableInterrupts               
0     0000a9cd  __system_post_cinit             
0     0000a9ce  _sqrt                           
0     0000a9ce  _sqrtf                          
0     0000a9f5  _copy_in                        
0     0000aa19  _InitPieVectTable               
0     0000aa39  _memcpy                         
0     0000aa56  __args_main                     
0     0000aa68  __register_unlock               
0     0000aa6c  __register_lock                 
0     0000aa70  __nop                           
0     0000aa79  _DSP28x_DisableInt              
0     0000aa7d  _DSP28x_RestoreInt              
0     0000aa80  _SetDBGIER                      
0     0000aa83  __system_pre_init               
0     0000aa85  _DSP28x_usDelay                 
0     0000aa85  ___etext__                      
0     0000aa85  etext                           
0     00380080  _ADC_cal                        
1     00000880  _DevEmuRegs                     
1     00000a80  _FlashRegs                      
1     00000ae0  _CsmRegs                        
1     00000b00  _AdcMirror                      
1     00000b20  _XintfRegs                      
1     00000c00  _CpuTimer0Regs                  
1     00000c08  _CpuTimer1Regs                  
1     00000c10  _CpuTimer2Regs                  
1     00000ce0  _PieCtrlRegs                    
1     00000d00  _PieVectTable                   
1     00001000  _DmaRegs                        
1     00005000  _McbspaRegs                     
1     00005040  _McbspbRegs                     
1     00006000  _ECanaRegs                      
1     00006040  _ECanaLAMRegs                   
1     00006080  _ECanaMOTSRegs                  
1     000060c0  _ECanaMOTORegs                  
1     00006100  _ECanaMboxes                    
1     00006200  _ECanbRegs                      
1     00006240  _ECanbLAMRegs                   
1     00006280  _ECanbMOTSRegs                  
1     000062c0  _ECanbMOTORegs                  
1     00006300  _ECanbMboxes                    
1     00006800  _EPwm1Regs                      
1     00006840  _EPwm2Regs                      
1     00006880  _EPwm3Regs                      
1     000068c0  _EPwm4Regs                      
1     00006900  _EPwm5Regs                      
1     00006940  _EPwm6Regs                      
1     00006a00  _ECap1Regs                      
1     00006a20  _ECap2Regs                      
1     00006a40  _ECap3Regs                      
1     00006a60  _ECap4Regs                      
1     00006a80  _ECap5Regs                      
1     00006aa0  _ECap6Regs                      
1     00006b00  _EQep1Regs                      
1     00006b40  _EQep2Regs                      
1     00006f80  _GpioCtrlRegs                   
1     00006fc0  _GpioDataRegs                   
1     00006fe0  _GpioIntRegs                    
1     00007010  _SysCtrlRegs                    
1     00007040  _SpiaRegs                       
1     00007050  _SciaRegs                       
1     00007070  _XIntruptRegs                   
1     00007100  _AdcRegs                        
1     00007750  _ScibRegs                       
1     00007770  _ScicRegs                       
1     00007900  _I2caRegs                       
1     0000c000  __stack                         
1     0000c300  __STACK_END                     
1     0000c300  ___cinit__                      
1     0000c300  cinit                           
1     0000d000  _Flag_Reset                     
1     0000d001  _Flag_Start                     
1     0000d002  _t_DSP                          
1     0000d004  _Ias_PMSM_Offset_Typ            
1     0000d006  _Ibs_PMSM_Offset_Typ            
1     0000d008  _Ics_PMSM_Offset_Typ            
1     0000d00a  _SpdObs1                        
1     0000d040  _EEMF_RRF1                      
1     0000d0c0  _SPMSM1                         
1     0000d216  _ADC_Init                       
1     0000d236  _DA                             
1     0000d23e  __lock                          
1     0000d240  _Wrm_LPF                        
1     0000d24e  _WrCmd_LPF                      
1     0000d25c  _Vs_LPF                         
1     0000d26a  _Edse_LPF                       
1     0000d280  _Eqse_LPF                       
1     0000d28e  _W_Est_LPF                      
1     0000d29c  _QsRef_LPF                      
1     0000d2aa  _QsAdj_LPF                      
1     0000d2c0  _ThetarErr_Q_LPF                
1     0000d2ce  _ADC_Offset                     
1     0000d2ee  _DA_Offset                      
1     0000d2f6  _DA_Ratio                       
1     0000d2fe  __unlock                        
1     0000d300  _ADC_Offset_Sum                 
1     0000d320  _ADC_Result                     
1     0000d340  _ADC_Scale                      
1     0000d360  _CpuTimer0                      
1     0000d368  _CpuTimer1                      
1     0000d370  _CpuTimer2                      
1     0000d378  _DA_Value                       
1     0000d380  _HallSignal                     
1     0000d381  _HallSignal_Old                 
1     0000d382  _Theta_HALL_SECTOR              
1     0000d384  _Wrm_HALL                       
1     0000d386  ___TI_enable_exit_profile_output
1     0000d388  ___TI_cleanup_ptr               
1     0000d38a  ___TI_dtors_ptr                 
1     0000d38c  _ADC_Offset_Cnt                 
1     0000d38e  _INV_Offset_Range               
1     0000d390  _cnt_delay                      
1     0000d392  _DA_Delay                       
1     0000d394  _DAC                            
1     0000d398  _EncCnt                         
1     0000d39a  _Theta_ENC                      
1     0000d39c  _errno                          
1     0000d39e  _PieVectTableInit               
1     0033fff8  _CsmPwl                         
1     00380090  _PartIdRegs                     
abs   00000300  __STACK_SIZE                    
abs   ffffffff  ___TI_pprof_out_hndl            
abs   ffffffff  ___TI_prof_data_size            
abs   ffffffff  ___TI_prof_data_start           
abs   ffffffff  ___binit__                      
abs   ffffffff  ___c_args__                     
abs   ffffffff  ___pinit__                      
abs   ffffffff  binit                           
abs   ffffffff  pinit                           

[265 symbols]
